ARM Linker, 5.03 [Build 76] [MDK-ARM Professional]

==============================================================================

Section Cross References

    app.o(.text) refers to system.o(.text) for PostMessageToLogicTask
    app.o(.text) refers to system.o(.data) for System
    app.o(.text) refers to app.o(.bss) for App
    system.o(.text) refers to printfb.o(i.__0printf$bare) for __2printf
    system.o(.text) refers to device.o(.text) for InitializeDevice
    system.o(.text) refers to system.o(.constdata) for HextoAscii
    system.o(.text) refers to system.o(.data) for LogicTaskMessageQueuePointer
    system.o(.data) refers to system.o(.text) for Initialize
    device.o(.text) refers to device_usart.o(.text) for InitializeUsart
    device.o(.text) refers to device_key.o(.text) for InitializeKey
    device.o(.text) refers to device_rtc.o(.text) for InitializeRtc
    device.o(.text) refers to device_timer.o(.text) for InitializeTimer
    device.o(.text) refers to device_io.o(.text) for InitializeIO
    device.o(.text) refers to device_adc.o(.text) for InitializeAdc
    device.o(.text) refers to device_systick.o(.text) for InitializeSystick
    device.o(.text) refers to misc.o(.text) for NVIC_PriorityGroupConfig
    device_key.o(.text) refers to system.o(.text) for DelayUs
    device_key.o(.text) refers to stm32f10x_gpio.o(.text) for GPIO_PinRemapConfig
    device_key.o(.text) refers to device_key.o(.data) for KeyBeepCounter
    device_key.o(.text) refers to system.o(.data) for System
    device_rtc.o(.text) refers to device_rtc.o(.data) for Counter
    device_rtc.o(.text) refers to system.o(.data) for System
    device_timer.o(.text) refers to system.o(.text) for PostMessageToLogicTask
    device_timer.o(.text) refers to printfb.o(i.__0printf$bare) for __2printf
    device_timer.o(.text) refers to device_timer.o(.data) for State
    device_timer.o(.text) refers to system.o(.data) for CriticalNesting
    device_timer.o(.text) refers to device_timer.o(.bss) for Block
    device_io.o(.text) refers to stm32f10x_gpio.o(.text) for GPIO_Init
    device_io.o(.text) refers to system.o(.data) for System
    device_adc.o(.text) refers to stm32f10x_adc.o(.text) for ADC_GetFlagStatus
    device_adc.o(.text) refers to stm32f10x_rcc.o(.text) for RCC_APB2PeriphClockCmd
    device_adc.o(.text) refers to stm32f10x_gpio.o(.text) for GPIO_Init
    device_adc.o(.text) refers to device_adc.o(.data) for RegisterPointerBlock
    device_adc.o(.text) refers to system.o(.data) for System
    device_usart.o(.text) refers to stm32f10x_usart.o(.text) for USART_GetITStatus
    device_usart.o(.text) refers to stm32f10x_rcc.o(.text) for RCC_APB2PeriphClockCmd
    device_usart.o(.text) refers to stm32f10x_gpio.o(.text) for GPIO_Init
    device_usart.o(.text) refers to misc.o(.text) for NVIC_Init
    device_usart.o(.text) refers to device_usart.o(.bss) for Usart1DataQueue
    device_usart.o(.text) refers to system.o(.data) for CriticalNesting
    device_usart.o(.text) refers to device_usart.o(.data) for Usart1RxdRegisterFunction
    device_usart.o(.data) refers to device_usart.o(.text) for Dummy
    device_systick.o(.text) refers to printfb.o(i.__0printf$bare) for __2printf
    device_systick.o(.text) refers to device_usart.o(.text) for UsartSystick1000Routine
    device_systick.o(.text) refers to device_timer.o(.text) for TimerSystick1000Routine
    device_systick.o(.text) refers to device_rtc.o(.text) for RtcSystick100Routine
    device_systick.o(.text) refers to device_key.o(.text) for KeySystick100Routine
    device_systick.o(.text) refers to device_adc.o(.text) for AdcSystick10000Routine
    device_systick.o(.text) refers to system.o(.data) for CriticalNesting
    device_systick.o(.text) refers to device_systick.o(.data) for Systick100Counter
    device_systick.o(.text) refers to system_stm32f10x.o(.data) for SystemCoreClock
    device_systick.o(.data) refers to device_systick.o(.text) for Dummy
    system_stm32f10x.o(.text) refers to system_stm32f10x.o(.data) for SystemCoreClock
    startup_stm32f10x_md.o(RESET) refers to startup_stm32f10x_md.o(STACK) for __initial_sp
    startup_stm32f10x_md.o(RESET) refers to startup_stm32f10x_md.o(.text) for Reset_Handler
    startup_stm32f10x_md.o(RESET) refers to stm32f10x_it.o(.text) for NMI_Handler
    startup_stm32f10x_md.o(RESET) refers to device_systick.o(.text) for SysTick_Handler
    startup_stm32f10x_md.o(RESET) refers to device_usart.o(.text) for USART1_IRQHandler
    startup_stm32f10x_md.o(.text) refers to system_stm32f10x.o(.text) for SystemInit
    startup_stm32f10x_md.o(.text) refers to entry.o(.ARM.Collect$$$$00000000) for __main
    stm32f10x_usart.o(.text) refers to stm32f10x_rcc.o(.text) for RCC_APB2PeriphResetCmd
    stm32f10x_gpio.o(.text) refers to stm32f10x_rcc.o(.text) for RCC_APB2PeriphResetCmd
    stm32f10x_rcc.o(.text) refers to stm32f10x_rcc.o(.data) for APBAHBPrescTable
    stm32f10x_adc.o(.text) refers to stm32f10x_rcc.o(.text) for RCC_APB2PeriphResetCmd
    entry.o(.ARM.Collect$$$$00000000) refers (Special) to entry10a.o(.ARM.Collect$$$$0000000D) for __rt_final_cpp
    entry.o(.ARM.Collect$$$$00000000) refers (Special) to entry11a.o(.ARM.Collect$$$$0000000F) for __rt_final_exit
    entry.o(.ARM.Collect$$$$00000000) refers (Special) to entry7b.o(.ARM.Collect$$$$00000008) for _main_clock
    entry.o(.ARM.Collect$$$$00000000) refers (Special) to entry8b.o(.ARM.Collect$$$$0000000A) for _main_cpp_init
    entry.o(.ARM.Collect$$$$00000000) refers (Special) to entry9a.o(.ARM.Collect$$$$0000000B) for _main_init
    entry.o(.ARM.Collect$$$$00000000) refers (Special) to entry5.o(.ARM.Collect$$$$00000004) for _main_scatterload
    entry.o(.ARM.Collect$$$$00000000) refers (Special) to entry2.o(.ARM.Collect$$$$00000001) for _main_stk
    printfb.o(i.__0fprintf$bare) refers to printfb.o(i._printf_core) for _printf_core
    printfb.o(i.__0fprintf$bare) refers to device_usart.o(.text) for fputc
    printfb.o(i.__0printf$bare) refers to printfb.o(i._printf_core) for _printf_core
    printfb.o(i.__0printf$bare) refers to device_usart.o(.text) for fputc
    printfb.o(i.__0printf$bare) refers to stdout.o(.data) for __stdout
    printfb.o(i.__0snprintf$bare) refers to printfb.o(i._printf_core) for _printf_core
    printfb.o(i.__0snprintf$bare) refers to printfb.o(i._snputc) for _snputc
    printfb.o(i.__0sprintf$bare) refers to printfb.o(i._printf_core) for _printf_core
    printfb.o(i.__0sprintf$bare) refers to printfb.o(i._sputc) for _sputc
    printfb.o(i.__0vfprintf$bare) refers to printfb.o(i._printf_core) for _printf_core
    printfb.o(i.__0vfprintf$bare) refers to device_usart.o(.text) for fputc
    printfb.o(i.__0vprintf$bare) refers to printfb.o(i._printf_core) for _printf_core
    printfb.o(i.__0vprintf$bare) refers to device_usart.o(.text) for fputc
    printfb.o(i.__0vprintf$bare) refers to stdout.o(.data) for __stdout
    printfb.o(i.__0vsnprintf$bare) refers to printfb.o(i._printf_core) for _printf_core
    printfb.o(i.__0vsnprintf$bare) refers to printfb.o(i._snputc) for _snputc
    printfb.o(i.__0vsprintf$bare) refers to printfb.o(i._printf_core) for _printf_core
    printfb.o(i.__0vsprintf$bare) refers to printfb.o(i._sputc) for _sputc
    printf0.o(i.__0fprintf$0) refers to printf0.o(i._printf_core) for _printf_core
    printf0.o(i.__0fprintf$0) refers to device_usart.o(.text) for fputc
    printf0.o(i.__0printf$0) refers to printf0.o(i._printf_core) for _printf_core
    printf0.o(i.__0printf$0) refers to device_usart.o(.text) for fputc
    printf0.o(i.__0printf$0) refers to stdout.o(.data) for __stdout
    printf0.o(i.__0snprintf$0) refers to printf0.o(i._printf_core) for _printf_core
    printf0.o(i.__0snprintf$0) refers to printf0.o(i._snputc) for _snputc
    printf0.o(i.__0sprintf$0) refers to printf0.o(i._printf_core) for _printf_core
    printf0.o(i.__0sprintf$0) refers to printf0.o(i._sputc) for _sputc
    printf0.o(i.__0vfprintf$0) refers to printf0.o(i._printf_core) for _printf_core
    printf0.o(i.__0vfprintf$0) refers to device_usart.o(.text) for fputc
    printf0.o(i.__0vprintf$0) refers to printf0.o(i._printf_core) for _printf_core
    printf0.o(i.__0vprintf$0) refers to device_usart.o(.text) for fputc
    printf0.o(i.__0vprintf$0) refers to stdout.o(.data) for __stdout
    printf0.o(i.__0vsnprintf$0) refers to printf0.o(i._printf_core) for _printf_core
    printf0.o(i.__0vsnprintf$0) refers to printf0.o(i._snputc) for _snputc
    printf0.o(i.__0vsprintf$0) refers to printf0.o(i._printf_core) for _printf_core
    printf0.o(i.__0vsprintf$0) refers to printf0.o(i._sputc) for _sputc
    printf1.o(i.__0fprintf$1) refers to printf1.o(i._printf_core) for _printf_core
    printf1.o(i.__0fprintf$1) refers to device_usart.o(.text) for fputc
    printf1.o(i.__0printf$1) refers to printf1.o(i._printf_core) for _printf_core
    printf1.o(i.__0printf$1) refers to device_usart.o(.text) for fputc
    printf1.o(i.__0printf$1) refers to stdout.o(.data) for __stdout
    printf1.o(i.__0snprintf$1) refers to printf1.o(i._printf_core) for _printf_core
    printf1.o(i.__0snprintf$1) refers to printf1.o(i._snputc) for _snputc
    printf1.o(i.__0sprintf$1) refers to printf1.o(i._printf_core) for _printf_core
    printf1.o(i.__0sprintf$1) refers to printf1.o(i._sputc) for _sputc
    printf1.o(i.__0vfprintf$1) refers to printf1.o(i._printf_core) for _printf_core
    printf1.o(i.__0vfprintf$1) refers to device_usart.o(.text) for fputc
    printf1.o(i.__0vprintf$1) refers to printf1.o(i._printf_core) for _printf_core
    printf1.o(i.__0vprintf$1) refers to device_usart.o(.text) for fputc
    printf1.o(i.__0vprintf$1) refers to stdout.o(.data) for __stdout
    printf1.o(i.__0vsnprintf$1) refers to printf1.o(i._printf_core) for _printf_core
    printf1.o(i.__0vsnprintf$1) refers to printf1.o(i._snputc) for _snputc
    printf1.o(i.__0vsprintf$1) refers to printf1.o(i._printf_core) for _printf_core
    printf1.o(i.__0vsprintf$1) refers to printf1.o(i._sputc) for _sputc
    printf1.o(i._printf_core) refers to uidiv.o(.text) for __aeabi_uidivmod
    printf2.o(i.__0fprintf$2) refers to printf2.o(i._printf_core) for _printf_core
    printf2.o(i.__0fprintf$2) refers to device_usart.o(.text) for fputc
    printf2.o(i.__0printf$2) refers to printf2.o(i._printf_core) for _printf_core
    printf2.o(i.__0printf$2) refers to device_usart.o(.text) for fputc
    printf2.o(i.__0printf$2) refers to stdout.o(.data) for __stdout
    printf2.o(i.__0snprintf$2) refers to printf2.o(i._printf_core) for _printf_core
    printf2.o(i.__0snprintf$2) refers to printf2.o(i._snputc) for _snputc
    printf2.o(i.__0sprintf$2) refers to printf2.o(i._printf_core) for _printf_core
    printf2.o(i.__0sprintf$2) refers to printf2.o(i._sputc) for _sputc
    printf2.o(i.__0vfprintf$2) refers to printf2.o(i._printf_core) for _printf_core
    printf2.o(i.__0vfprintf$2) refers to device_usart.o(.text) for fputc
    printf2.o(i.__0vprintf$2) refers to printf2.o(i._printf_core) for _printf_core
    printf2.o(i.__0vprintf$2) refers to device_usart.o(.text) for fputc
    printf2.o(i.__0vprintf$2) refers to stdout.o(.data) for __stdout
    printf2.o(i.__0vsnprintf$2) refers to printf2.o(i._printf_core) for _printf_core
    printf2.o(i.__0vsnprintf$2) refers to printf2.o(i._snputc) for _snputc
    printf2.o(i.__0vsprintf$2) refers to printf2.o(i._printf_core) for _printf_core
    printf2.o(i.__0vsprintf$2) refers to printf2.o(i._sputc) for _sputc
    printf3.o(i.__0fprintf$3) refers to printf3.o(i._printf_core) for _printf_core
    printf3.o(i.__0fprintf$3) refers to device_usart.o(.text) for fputc
    printf3.o(i.__0printf$3) refers to printf3.o(i._printf_core) for _printf_core
    printf3.o(i.__0printf$3) refers to device_usart.o(.text) for fputc
    printf3.o(i.__0printf$3) refers to stdout.o(.data) for __stdout
    printf3.o(i.__0snprintf$3) refers to printf3.o(i._printf_core) for _printf_core
    printf3.o(i.__0snprintf$3) refers to printf3.o(i._snputc) for _snputc
    printf3.o(i.__0sprintf$3) refers to printf3.o(i._printf_core) for _printf_core
    printf3.o(i.__0sprintf$3) refers to printf3.o(i._sputc) for _sputc
    printf3.o(i.__0vfprintf$3) refers to printf3.o(i._printf_core) for _printf_core
    printf3.o(i.__0vfprintf$3) refers to device_usart.o(.text) for fputc
    printf3.o(i.__0vprintf$3) refers to printf3.o(i._printf_core) for _printf_core
    printf3.o(i.__0vprintf$3) refers to device_usart.o(.text) for fputc
    printf3.o(i.__0vprintf$3) refers to stdout.o(.data) for __stdout
    printf3.o(i.__0vsnprintf$3) refers to printf3.o(i._printf_core) for _printf_core
    printf3.o(i.__0vsnprintf$3) refers to printf3.o(i._snputc) for _snputc
    printf3.o(i.__0vsprintf$3) refers to printf3.o(i._printf_core) for _printf_core
    printf3.o(i.__0vsprintf$3) refers to printf3.o(i._sputc) for _sputc
    printf3.o(i._printf_core) refers to uidiv.o(.text) for __aeabi_uidivmod
    printf4.o(i.__0fprintf$4) refers to printf4.o(i._printf_core) for _printf_core
    printf4.o(i.__0fprintf$4) refers to device_usart.o(.text) for fputc
    printf4.o(i.__0printf$4) refers to printf4.o(i._printf_core) for _printf_core
    printf4.o(i.__0printf$4) refers to device_usart.o(.text) for fputc
    printf4.o(i.__0printf$4) refers to stdout.o(.data) for __stdout
    printf4.o(i.__0snprintf$4) refers to printf4.o(i._printf_core) for _printf_core
    printf4.o(i.__0snprintf$4) refers to printf4.o(i._snputc) for _snputc
    printf4.o(i.__0sprintf$4) refers to printf4.o(i._printf_core) for _printf_core
    printf4.o(i.__0sprintf$4) refers to printf4.o(i._sputc) for _sputc
    printf4.o(i.__0vfprintf$4) refers to printf4.o(i._printf_core) for _printf_core
    printf4.o(i.__0vfprintf$4) refers to device_usart.o(.text) for fputc
    printf4.o(i.__0vprintf$4) refers to printf4.o(i._printf_core) for _printf_core
    printf4.o(i.__0vprintf$4) refers to device_usart.o(.text) for fputc
    printf4.o(i.__0vprintf$4) refers to stdout.o(.data) for __stdout
    printf4.o(i.__0vsnprintf$4) refers to printf4.o(i._printf_core) for _printf_core
    printf4.o(i.__0vsnprintf$4) refers to printf4.o(i._snputc) for _snputc
    printf4.o(i.__0vsprintf$4) refers to printf4.o(i._printf_core) for _printf_core
    printf4.o(i.__0vsprintf$4) refers to printf4.o(i._sputc) for _sputc
    printf4.o(i._printf_core) refers to uldiv.o(.text) for __aeabi_uldivmod
    printf5.o(i.__0fprintf$5) refers to printf5.o(i._printf_core) for _printf_core
    printf5.o(i.__0fprintf$5) refers to device_usart.o(.text) for fputc
    printf5.o(i.__0printf$5) refers to printf5.o(i._printf_core) for _printf_core
    printf5.o(i.__0printf$5) refers to device_usart.o(.text) for fputc
    printf5.o(i.__0printf$5) refers to stdout.o(.data) for __stdout
    printf5.o(i.__0snprintf$5) refers to printf5.o(i._printf_core) for _printf_core
    printf5.o(i.__0snprintf$5) refers to printf5.o(i._snputc) for _snputc
    printf5.o(i.__0sprintf$5) refers to printf5.o(i._printf_core) for _printf_core
    printf5.o(i.__0sprintf$5) refers to printf5.o(i._sputc) for _sputc
    printf5.o(i.__0vfprintf$5) refers to printf5.o(i._printf_core) for _printf_core
    printf5.o(i.__0vfprintf$5) refers to device_usart.o(.text) for fputc
    printf5.o(i.__0vprintf$5) refers to printf5.o(i._printf_core) for _printf_core
    printf5.o(i.__0vprintf$5) refers to device_usart.o(.text) for fputc
    printf5.o(i.__0vprintf$5) refers to stdout.o(.data) for __stdout
    printf5.o(i.__0vsnprintf$5) refers to printf5.o(i._printf_core) for _printf_core
    printf5.o(i.__0vsnprintf$5) refers to printf5.o(i._snputc) for _snputc
    printf5.o(i.__0vsprintf$5) refers to printf5.o(i._printf_core) for _printf_core
    printf5.o(i.__0vsprintf$5) refers to printf5.o(i._sputc) for _sputc
    printf5.o(i._printf_core) refers to uldiv.o(.text) for __aeabi_uldivmod
    printf6.o(i.__0fprintf$6) refers to printf6.o(i._printf_core) for _printf_core
    printf6.o(i.__0fprintf$6) refers to device_usart.o(.text) for fputc
    printf6.o(i.__0printf$6) refers to printf6.o(i._printf_core) for _printf_core
    printf6.o(i.__0printf$6) refers to device_usart.o(.text) for fputc
    printf6.o(i.__0printf$6) refers to stdout.o(.data) for __stdout
    printf6.o(i.__0snprintf$6) refers to printf6.o(i._printf_core) for _printf_core
    printf6.o(i.__0snprintf$6) refers to printf6.o(i._snputc) for _snputc
    printf6.o(i.__0sprintf$6) refers to printf6.o(i._printf_core) for _printf_core
    printf6.o(i.__0sprintf$6) refers to printf6.o(i._sputc) for _sputc
    printf6.o(i.__0vfprintf$6) refers to printf6.o(i._printf_core) for _printf_core
    printf6.o(i.__0vfprintf$6) refers to device_usart.o(.text) for fputc
    printf6.o(i.__0vprintf$6) refers to printf6.o(i._printf_core) for _printf_core
    printf6.o(i.__0vprintf$6) refers to device_usart.o(.text) for fputc
    printf6.o(i.__0vprintf$6) refers to stdout.o(.data) for __stdout
    printf6.o(i.__0vsnprintf$6) refers to printf6.o(i._printf_core) for _printf_core
    printf6.o(i.__0vsnprintf$6) refers to printf6.o(i._snputc) for _snputc
    printf6.o(i.__0vsprintf$6) refers to printf6.o(i._printf_core) for _printf_core
    printf6.o(i.__0vsprintf$6) refers to printf6.o(i._sputc) for _sputc
    printf6.o(i._printf_core) refers to printf6.o(i._printf_pre_padding) for _printf_pre_padding
    printf6.o(i._printf_core) refers to uidiv.o(.text) for __aeabi_uidivmod
    printf6.o(i._printf_core) refers to printf6.o(i._printf_post_padding) for _printf_post_padding
    printf7.o(i.__0fprintf$7) refers to printf7.o(i._printf_core) for _printf_core
    printf7.o(i.__0fprintf$7) refers to device_usart.o(.text) for fputc
    printf7.o(i.__0printf$7) refers to printf7.o(i._printf_core) for _printf_core
    printf7.o(i.__0printf$7) refers to device_usart.o(.text) for fputc
    printf7.o(i.__0printf$7) refers to stdout.o(.data) for __stdout
    printf7.o(i.__0snprintf$7) refers to printf7.o(i._printf_core) for _printf_core
    printf7.o(i.__0snprintf$7) refers to printf7.o(i._snputc) for _snputc
    printf7.o(i.__0sprintf$7) refers to printf7.o(i._printf_core) for _printf_core
    printf7.o(i.__0sprintf$7) refers to printf7.o(i._sputc) for _sputc
    printf7.o(i.__0vfprintf$7) refers to printf7.o(i._printf_core) for _printf_core
    printf7.o(i.__0vfprintf$7) refers to device_usart.o(.text) for fputc
    printf7.o(i.__0vprintf$7) refers to printf7.o(i._printf_core) for _printf_core
    printf7.o(i.__0vprintf$7) refers to device_usart.o(.text) for fputc
    printf7.o(i.__0vprintf$7) refers to stdout.o(.data) for __stdout
    printf7.o(i.__0vsnprintf$7) refers to printf7.o(i._printf_core) for _printf_core
    printf7.o(i.__0vsnprintf$7) refers to printf7.o(i._snputc) for _snputc
    printf7.o(i.__0vsprintf$7) refers to printf7.o(i._printf_core) for _printf_core
    printf7.o(i.__0vsprintf$7) refers to printf7.o(i._sputc) for _sputc
    printf7.o(i._printf_core) refers to printf7.o(i._printf_pre_padding) for _printf_pre_padding
    printf7.o(i._printf_core) refers to uldiv.o(.text) for __aeabi_uldivmod
    printf7.o(i._printf_core) refers to printf7.o(i._printf_post_padding) for _printf_post_padding
    printf8.o(i.__0fprintf$8) refers to printf8.o(i._printf_core) for _printf_core
    printf8.o(i.__0fprintf$8) refers to device_usart.o(.text) for fputc
    printf8.o(i.__0printf$8) refers to printf8.o(i._printf_core) for _printf_core
    printf8.o(i.__0printf$8) refers to device_usart.o(.text) for fputc
    printf8.o(i.__0printf$8) refers to stdout.o(.data) for __stdout
    printf8.o(i.__0snprintf$8) refers to printf8.o(i._printf_core) for _printf_core
    printf8.o(i.__0snprintf$8) refers to printf8.o(i._snputc) for _snputc
    printf8.o(i.__0sprintf$8) refers to printf8.o(i._printf_core) for _printf_core
    printf8.o(i.__0sprintf$8) refers to printf8.o(i._sputc) for _sputc
    printf8.o(i.__0vfprintf$8) refers to printf8.o(i._printf_core) for _printf_core
    printf8.o(i.__0vfprintf$8) refers to device_usart.o(.text) for fputc
    printf8.o(i.__0vprintf$8) refers to printf8.o(i._printf_core) for _printf_core
    printf8.o(i.__0vprintf$8) refers to device_usart.o(.text) for fputc
    printf8.o(i.__0vprintf$8) refers to stdout.o(.data) for __stdout
    printf8.o(i.__0vsnprintf$8) refers to printf8.o(i._printf_core) for _printf_core
    printf8.o(i.__0vsnprintf$8) refers to printf8.o(i._snputc) for _snputc
    printf8.o(i.__0vsprintf$8) refers to printf8.o(i._printf_core) for _printf_core
    printf8.o(i.__0vsprintf$8) refers to printf8.o(i._sputc) for _sputc
    printf8.o(i._printf_core) refers to printf8.o(i._printf_pre_padding) for _printf_pre_padding
    printf8.o(i._printf_core) refers to uldiv.o(.text) for __aeabi_uldivmod
    printf8.o(i._printf_core) refers to printf8.o(i._printf_post_padding) for _printf_post_padding
    printfa.o(i.__0fprintf) refers (Special) to iusefp.o(.text) for __I$use$fp
    printfa.o(i.__0fprintf) refers to printfa.o(i._printf_core) for _printf_core
    printfa.o(i.__0fprintf) refers to device_usart.o(.text) for fputc
    printfa.o(i.__0printf) refers (Special) to iusefp.o(.text) for __I$use$fp
    printfa.o(i.__0printf) refers to printfa.o(i._printf_core) for _printf_core
    printfa.o(i.__0printf) refers to device_usart.o(.text) for fputc
    printfa.o(i.__0printf) refers to stdout.o(.data) for __stdout
    printfa.o(i.__0snprintf) refers (Special) to iusefp.o(.text) for __I$use$fp
    printfa.o(i.__0snprintf) refers to printfa.o(i._printf_core) for _printf_core
    printfa.o(i.__0snprintf) refers to printfa.o(i._snputc) for _snputc
    printfa.o(i.__0sprintf) refers (Special) to iusefp.o(.text) for __I$use$fp
    printfa.o(i.__0sprintf) refers to printfa.o(i._printf_core) for _printf_core
    printfa.o(i.__0sprintf) refers to printfa.o(i._sputc) for _sputc
    printfa.o(i.__0vfprintf) refers (Special) to iusefp.o(.text) for __I$use$fp
    printfa.o(i.__0vfprintf) refers to printfa.o(i._printf_core) for _printf_core
    printfa.o(i.__0vfprintf) refers to device_usart.o(.text) for fputc
    printfa.o(i.__0vprintf) refers (Special) to iusefp.o(.text) for __I$use$fp
    printfa.o(i.__0vprintf) refers to printfa.o(i._printf_core) for _printf_core
    printfa.o(i.__0vprintf) refers to device_usart.o(.text) for fputc
    printfa.o(i.__0vprintf) refers to stdout.o(.data) for __stdout
    printfa.o(i.__0vsnprintf) refers (Special) to iusefp.o(.text) for __I$use$fp
    printfa.o(i.__0vsnprintf) refers to printfa.o(i._printf_core) for _printf_core
    printfa.o(i.__0vsnprintf) refers to printfa.o(i._snputc) for _snputc
    printfa.o(i.__0vsprintf) refers (Special) to iusefp.o(.text) for __I$use$fp
    printfa.o(i.__0vsprintf) refers to printfa.o(i._printf_core) for _printf_core
    printfa.o(i.__0vsprintf) refers to printfa.o(i._sputc) for _sputc
    printfa.o(i._fp_digits) refers (Special) to iusefp.o(.text) for __I$use$fp
    printfa.o(i._fp_digits) refers to dmul.o(.text) for __aeabi_dmul
    printfa.o(i._fp_digits) refers to ddiv.o(.text) for __aeabi_ddiv
    printfa.o(i._fp_digits) refers to cdrcmple.o(.text) for __aeabi_cdrcmple
    printfa.o(i._fp_digits) refers to dadd.o(.text) for __aeabi_dadd
    printfa.o(i._fp_digits) refers to dfixul.o(.text) for __aeabi_d2ulz
    printfa.o(i._fp_digits) refers to uldiv.o(.text) for __aeabi_uldivmod
    printfa.o(i._printf_core) refers (Special) to iusefp.o(.text) for __I$use$fp
    printfa.o(i._printf_core) refers to printfa.o(i._printf_pre_padding) for _printf_pre_padding
    printfa.o(i._printf_core) refers to uldiv.o(.text) for __aeabi_uldivmod
    printfa.o(i._printf_core) refers to printfa.o(i._printf_post_padding) for _printf_post_padding
    printfa.o(i._printf_core) refers to printfa.o(i._fp_digits) for _fp_digits
    printfa.o(i._printf_core) refers to uidiv.o(.text) for __aeabi_uidivmod
    printfa.o(i._printf_post_padding) refers (Special) to iusefp.o(.text) for __I$use$fp
    printfa.o(i._printf_pre_padding) refers (Special) to iusefp.o(.text) for __I$use$fp
    printfa.o(i._snputc) refers (Special) to iusefp.o(.text) for __I$use$fp
    printfa.o(i._sputc) refers (Special) to iusefp.o(.text) for __I$use$fp
    entry2.o(.ARM.Collect$$$$00000001) refers to entry2.o(.ARM.Collect$$$$00002712) for __lit__00000000
    entry2.o(.ARM.Collect$$$$00002712) refers to startup_stm32f10x_md.o(STACK) for __initial_sp
    entry2.o(__vectab_stack_and_reset_area) refers to startup_stm32f10x_md.o(STACK) for __initial_sp
    entry2.o(__vectab_stack_and_reset_area) refers to entry.o(.ARM.Collect$$$$00000000) for __main
    entry5.o(.ARM.Collect$$$$00000004) refers to init.o(.text) for __scatterload
    entry9a.o(.ARM.Collect$$$$0000000B) refers to app.o(.text) for main
    entry9b.o(.ARM.Collect$$$$0000000C) refers to app.o(.text) for main
    uldiv.o(.text) refers to llushr.o(.text) for __aeabi_llsr
    uldiv.o(.text) refers to llshl.o(.text) for __aeabi_llsl
    dadd.o(.text) refers to llshl.o(.text) for __aeabi_llsl
    dadd.o(.text) refers to llsshr.o(.text) for __aeabi_lasr
    dadd.o(.text) refers to depilogue.o(.text) for _double_epilogue
    dmul.o(.text) refers to depilogue.o(.text) for _double_epilogue
    ddiv.o(.text) refers to depilogue.o(.text) for _double_round
    dfixul.o(.text) refers to llushr.o(.text) for __aeabi_llsr
    dfixul.o(.text) refers to llshl.o(.text) for __aeabi_llsl
    init.o(.text) refers to entry5.o(.ARM.Collect$$$$00000004) for __main_after_scatterload
    depilogue.o(.text) refers to llshl.o(.text) for __aeabi_llsl
    depilogue.o(.text) refers to llushr.o(.text) for __aeabi_llsr


==============================================================================

Removing Unused input sections from the image.

    Removing core_cm3.o(.emb_text), (32 bytes).
    Removing startup_stm32f10x_md.o(HEAP), (512 bytes).
    Removing stm32f10x_flash.o(.text), (1468 bytes).
    Removing dadd.o(.text), (334 bytes).
    Removing dmul.o(.text), (228 bytes).
    Removing ddiv.o(.text), (222 bytes).
    Removing dfixul.o(.text), (48 bytes).
    Removing cdrcmple.o(.text), (40 bytes).
    Removing depilogue.o(.text), (190 bytes).

9 unused section(s) (total 3074 bytes) removed from the image.

==============================================================================

Image Symbol Table

    Local Symbols

    Symbol Name                              Value     Ov Type        Size  Object(Section)

    ../clib/microlib/division.c              0x00000000   Number         0  uldiv.o ABSOLUTE
    ../clib/microlib/division.c              0x00000000   Number         0  uidiv.o ABSOLUTE
    ../clib/microlib/init/entry.s            0x00000000   Number         0  entry11a.o ABSOLUTE
    ../clib/microlib/init/entry.s            0x00000000   Number         0  entry10b.o ABSOLUTE
    ../clib/microlib/init/entry.s            0x00000000   Number         0  entry9b.o ABSOLUTE
    ../clib/microlib/init/entry.s            0x00000000   Number         0  entry.o ABSOLUTE
    ../clib/microlib/init/entry.s            0x00000000   Number         0  entry2.o ABSOLUTE
    ../clib/microlib/init/entry.s            0x00000000   Number         0  entry5.o ABSOLUTE
    ../clib/microlib/init/entry.s            0x00000000   Number         0  entry7a.o ABSOLUTE
    ../clib/microlib/init/entry.s            0x00000000   Number         0  entry10a.o ABSOLUTE
    ../clib/microlib/init/entry.s            0x00000000   Number         0  entry7b.o ABSOLUTE
    ../clib/microlib/init/entry.s            0x00000000   Number         0  entry8a.o ABSOLUTE
    ../clib/microlib/init/entry.s            0x00000000   Number         0  entry8b.o ABSOLUTE
    ../clib/microlib/init/entry.s            0x00000000   Number         0  entry11b.o ABSOLUTE
    ../clib/microlib/init/entry.s            0x00000000   Number         0  entry9a.o ABSOLUTE
    ../clib/microlib/longlong.c              0x00000000   Number         0  llushr.o ABSOLUTE
    ../clib/microlib/longlong.c              0x00000000   Number         0  llsshr.o ABSOLUTE
    ../clib/microlib/longlong.c              0x00000000   Number         0  llshl.o ABSOLUTE
    ../clib/microlib/printf/printf.c         0x00000000   Number         0  printf5.o ABSOLUTE
    ../clib/microlib/printf/printf.c         0x00000000   Number         0  printf4.o ABSOLUTE
    ../clib/microlib/printf/printf.c         0x00000000   Number         0  printf3.o ABSOLUTE
    ../clib/microlib/printf/printf.c         0x00000000   Number         0  printf2.o ABSOLUTE
    ../clib/microlib/printf/printf.c         0x00000000   Number         0  printf0.o ABSOLUTE
    ../clib/microlib/printf/printf.c         0x00000000   Number         0  printfb.o ABSOLUTE
    ../clib/microlib/printf/printf.c         0x00000000   Number         0  printf1.o ABSOLUTE
    ../clib/microlib/printf/printf.c         0x00000000   Number         0  printfa.o ABSOLUTE
    ../clib/microlib/printf/printf.c         0x00000000   Number         0  printf8.o ABSOLUTE
    ../clib/microlib/printf/printf.c         0x00000000   Number         0  printf7.o ABSOLUTE
    ../clib/microlib/printf/printf.c         0x00000000   Number         0  printf6.o ABSOLUTE
    ../clib/microlib/stdio/streams.c         0x00000000   Number         0  stdout.o ABSOLUTE
    ../clib/microlib/stubs.s                 0x00000000   Number         0  iusefp.o ABSOLUTE
    ../fplib/microlib/fpadd.c                0x00000000   Number         0  dadd.o ABSOLUTE
    ../fplib/microlib/fpdiv.c                0x00000000   Number         0  ddiv.o ABSOLUTE
    ../fplib/microlib/fpepilogue.c           0x00000000   Number         0  depilogue.o ABSOLUTE
    ../fplib/microlib/fpfix.c                0x00000000   Number         0  dfixul.o ABSOLUTE
    ../fplib/microlib/fpmul.c                0x00000000   Number         0  dmul.o ABSOLUTE
    ..\SourceFile\App\app.c                  0x00000000   Number         0  app.o ABSOLUTE
    ..\SourceFile\System\Device\Drive\CMSIS\STARTUP\startup_stm32f10x_md.s 0x00000000   Number         0  startup_stm32f10x_md.o ABSOLUTE
    ..\SourceFile\System\Device\Drive\CMSIS\core_cm3.c 0x00000000   Number         0  core_cm3.o ABSOLUTE
    ..\SourceFile\System\Device\Drive\CMSIS\system_stm32f10x.c 0x00000000   Number         0  system_stm32f10x.o ABSOLUTE
    ..\SourceFile\System\Device\Drive\LIB\src\misc.c 0x00000000   Number         0  misc.o ABSOLUTE
    ..\SourceFile\System\Device\Drive\LIB\src\stm32f10x_adc.c 0x00000000   Number         0  stm32f10x_adc.o ABSOLUTE
    ..\SourceFile\System\Device\Drive\LIB\src\stm32f10x_flash.c 0x00000000   Number         0  stm32f10x_flash.o ABSOLUTE
    ..\SourceFile\System\Device\Drive\LIB\src\stm32f10x_gpio.c 0x00000000   Number         0  stm32f10x_gpio.o ABSOLUTE
    ..\SourceFile\System\Device\Drive\LIB\src\stm32f10x_rcc.c 0x00000000   Number         0  stm32f10x_rcc.o ABSOLUTE
    ..\SourceFile\System\Device\Drive\LIB\src\stm32f10x_usart.c 0x00000000   Number         0  stm32f10x_usart.o ABSOLUTE
    ..\SourceFile\System\Device\Drive\stm32f10x_it.c 0x00000000   Number         0  stm32f10x_it.o ABSOLUTE
    ..\SourceFile\System\Device\device.c     0x00000000   Number         0  device.o ABSOLUTE
    ..\SourceFile\System\Device\device_adc.c 0x00000000   Number         0  device_adc.o ABSOLUTE
    ..\SourceFile\System\Device\device_io.c  0x00000000   Number         0  device_io.o ABSOLUTE
    ..\SourceFile\System\Device\device_key.c 0x00000000   Number         0  device_key.o ABSOLUTE
    ..\SourceFile\System\Device\device_rtc.c 0x00000000   Number         0  device_rtc.o ABSOLUTE
    ..\SourceFile\System\Device\device_systick.c 0x00000000   Number         0  device_systick.o ABSOLUTE
    ..\SourceFile\System\Device\device_timer.c 0x00000000   Number         0  device_timer.o ABSOLUTE
    ..\SourceFile\System\Device\device_usart.c 0x00000000   Number         0  device_usart.o ABSOLUTE
    ..\SourceFile\System\system.c            0x00000000   Number         0  system.o ABSOLUTE
    ..\\SourceFile\\System\\Device\\Drive\\CMSIS\\core_cm3.c 0x00000000   Number         0  core_cm3.o ABSOLUTE
    cdrcmple.s                               0x00000000   Number         0  cdrcmple.o ABSOLUTE
    dc.s                                     0x00000000   Number         0  dc.o ABSOLUTE
    handlers.s                               0x00000000   Number         0  handlers.o ABSOLUTE
    init.s                                   0x00000000   Number         0  init.o ABSOLUTE
    RESET                                    0x08000000   Section      236  startup_stm32f10x_md.o(RESET)
    .ARM.Collect$$$$00000000                 0x080000ec   Section        0  entry.o(.ARM.Collect$$$$00000000)
    .ARM.Collect$$$$00000001                 0x080000ec   Section        4  entry2.o(.ARM.Collect$$$$00000001)
    .ARM.Collect$$$$00000004                 0x080000f0   Section        4  entry5.o(.ARM.Collect$$$$00000004)
    .ARM.Collect$$$$00000008                 0x080000f4   Section        0  entry7b.o(.ARM.Collect$$$$00000008)
    .ARM.Collect$$$$0000000A                 0x080000f4   Section        0  entry8b.o(.ARM.Collect$$$$0000000A)
    .ARM.Collect$$$$0000000B                 0x080000f4   Section        8  entry9a.o(.ARM.Collect$$$$0000000B)
    .ARM.Collect$$$$0000000D                 0x080000fc   Section        0  entry10a.o(.ARM.Collect$$$$0000000D)
    .ARM.Collect$$$$0000000F                 0x080000fc   Section        0  entry11a.o(.ARM.Collect$$$$0000000F)
    .ARM.Collect$$$$00002712                 0x080000fc   Section        4  entry2.o(.ARM.Collect$$$$00002712)
    __lit__00000000                          0x080000fc   Data           4  entry2.o(.ARM.Collect$$$$00002712)
    .text                                    0x08000100   Section        0  app.o(.text)
    SystickRoutine                           0x08000101   Thumb Code     2  app.o(.text)
    Usart1RxdFunction                        0x08000103   Thumb Code    14  app.o(.text)
    InitializeApp                            0x08000113   Thumb Code    48  app.o(.text)
    .text                                    0x08000160   Section        0  system.o(.text)
    Initialize                               0x080001d7   Thumb Code     8  system.o(.text)
    .text                                    0x08000214   Section        0  device.o(.text)
    NVIC_SetPriority                         0x08000215   Thumb Code    32  device.o(.text)
    .text                                    0x0800028c   Section        0  device_key.o(.text)
    RemapKey                                 0x0800028d   Thumb Code    76  device_key.o(.text)
    RemapLongKey                             0x080002d9   Thumb Code    76  device_key.o(.text)
    ScanPin                                  0x08000325   Thumb Code   124  device_key.o(.text)
    .text                                    0x08000558   Section        0  device_rtc.o(.text)
    .text                                    0x08000604   Section        0  device_timer.o(.text)
    Start                                    0x0800068d   Thumb Code   144  device_timer.o(.text)
    Stop                                     0x0800071d   Thumb Code    60  device_timer.o(.text)
    .text                                    0x08000798   Section        0  device_io.o(.text)
    SetBeep                                  0x08000799   Thumb Code     6  device_io.o(.text)
    .text                                    0x080007d8   Section        0  device_adc.o(.text)
    Register                                 0x080007d9   Thumb Code     8  device_adc.o(.text)
    .text                                    0x080008dc   Section        0  device_usart.o(.text)
    Dummy                                    0x080008dd   Thumb Code     2  device_usart.o(.text)
    WriteByteToUsart1                        0x080008df   Thumb Code    92  device_usart.o(.text)
    OpenUsart1                               0x080009c9   Thumb Code    24  device_usart.o(.text)
    CloseUsart1                              0x080009e1   Thumb Code    24  device_usart.o(.text)
    Usart1RxdRegister                        0x080009f9   Thumb Code     6  device_usart.o(.text)
    WriteToUsart1                            0x080009ff   Thumb Code    58  device_usart.o(.text)
    InitializeUsartQueue                     0x08000a39   Thumb Code    36  device_usart.o(.text)
    .text                                    0x08000b40   Section        0  device_systick.o(.text)
    Dummy                                    0x08000b41   Thumb Code     2  device_systick.o(.text)
    RegisterSystick                          0x08000b43   Thumb Code   216  device_systick.o(.text)
    .text                                    0x08000e44   Section        0  stm32f10x_it.o(.text)
    .text                                    0x08000e5c   Section        0  system_stm32f10x.o(.text)
    SetSysClockTo72                          0x08000e5d   Thumb Code   212  system_stm32f10x.o(.text)
    SetSysClock                              0x08000f31   Thumb Code     8  system_stm32f10x.o(.text)
    .text                                    0x08001038   Section       36  startup_stm32f10x_md.o(.text)
    .text                                    0x0800105c   Section        0  stm32f10x_usart.o(.text)
    .text                                    0x08001464   Section        0  misc.o(.text)
    .text                                    0x08001540   Section        0  stm32f10x_gpio.o(.text)
    .text                                    0x08001898   Section        0  stm32f10x_rcc.o(.text)
    .text                                    0x08001c3c   Section        0  stm32f10x_adc.o(.text)
    .text                                    0x0800208c   Section       36  init.o(.text)
    i.__0printf$bare                         0x080020b0   Section        0  printfb.o(i.__0printf$bare)
    i.__scatterload_copy                     0x080020c0   Section       14  handlers.o(i.__scatterload_copy)
    i.__scatterload_null                     0x080020ce   Section        2  handlers.o(i.__scatterload_null)
    i.__scatterload_zeroinit                 0x080020d0   Section       14  handlers.o(i.__scatterload_zeroinit)
    i._printf_core                           0x080020de   Section        0  printfb.o(i._printf_core)
    _printf_core                             0x080020df   Thumb Code    34  printfb.o(i._printf_core)
    .constdata                               0x08002100   Section       16  system.o(.constdata)
    HextoAscii                               0x08002100   Data          16  system.o(.constdata)
    .data                                    0x20000000   Section       60  system.o(.data)
    .data                                    0x2000003c   Section        4  device_key.o(.data)
    ScanValueSave                            0x2000003c   Data           1  device_key.o(.data)
    ScanCounter                              0x2000003d   Data           1  device_key.o(.data)
    DoubleHitCounter                         0x2000003e   Data           1  device_key.o(.data)
    KeyBeepCounter                           0x2000003f   Data           1  device_key.o(.data)
    .data                                    0x20000040   Section        1  device_rtc.o(.data)
    Counter                                  0x20000040   Data           1  device_rtc.o(.data)
    .data                                    0x20000044   Section        5  device_timer.o(.data)
    State                                    0x20000044   Data           4  device_timer.o(.data)
    Mode                                     0x20000048   Data           1  device_timer.o(.data)
    .data                                    0x2000004c   Section       20  device_adc.o(.data)
    RegisterPointerBlock                     0x2000004c   Data          16  device_adc.o(.data)
    Counter                                  0x2000005c   Data           1  device_adc.o(.data)
    NullValue                                0x2000005e   Data           2  device_adc.o(.data)
    .data                                    0x20000060   Section        4  device_usart.o(.data)
    Usart1RxdRegisterFunction                0x20000060   Data           4  device_usart.o(.data)
    .data                                    0x20000064   Section       60  device_systick.o(.data)
    Systick10000RegisterPointerBlock         0x20000064   Data           8  device_systick.o(.data)
    Systick1000RegisterPointerBlock          0x2000006c   Data          16  device_systick.o(.data)
    Systick100RegisterPointerBlock           0x2000007c   Data          32  device_systick.o(.data)
    Systick100Counter                        0x2000009c   Data           1  device_systick.o(.data)
    Systick1000Counter                       0x2000009d   Data           1  device_systick.o(.data)
    Systick10000Counter                      0x2000009e   Data           1  device_systick.o(.data)
    Counter                                  0x2000009f   Data           1  device_systick.o(.data)
    .data                                    0x200000a0   Section       20  system_stm32f10x.o(.data)
    .data                                    0x200000b4   Section       20  stm32f10x_rcc.o(.data)
    APBAHBPrescTable                         0x200000b4   Data          16  stm32f10x_rcc.o(.data)
    ADCPrescTable                            0x200000c4   Data           4  stm32f10x_rcc.o(.data)
    .data                                    0x200000c8   Section        4  stdout.o(.data)
    .bss                                     0x200000cc   Section     2228  app.o(.bss)
    .bss                                     0x20000980   Section       64  device_timer.o(.bss)
    Block                                    0x20000980   Data          64  device_timer.o(.bss)
    .bss                                     0x200009c0   Section     1020  device_usart.o(.bss)
    Usart1TxdBuffer                          0x200009c0   Data        1000  device_usart.o(.bss)
    Usart1DataQueue                          0x20000da8   Data          20  device_usart.o(.bss)
    STACK                                    0x20000dc0   Section     1024  startup_stm32f10x_md.o(STACK)

    Global Symbols

    Symbol Name                              Value     Ov Type        Size  Object(Section)

    BuildAttributes$$THM_ISAv4$P$D$K$B$S$PE$A:L22UL41UL21$X:L11$S22US41US21$IEEE1$IW$USESV6$~STKCKD$USESV7$~SHL$OSPACE$ROPI$EBA8$MICROLIB$REQ8$PRES8$EABIv2 0x00000000   Number         0  anon$$obj.o ABSOLUTE
    __ARM_use_no_argv                        0x00000000   Number         0  app.o ABSOLUTE
    __cpp_initialize__aeabi_                  - Undefined Weak Reference
    __cxa_finalize                            - Undefined Weak Reference
    __decompress                              - Undefined Weak Reference
    _clock_init                               - Undefined Weak Reference
    _microlib_exit                            - Undefined Weak Reference
    __Vectors_Size                           0x000000ec   Number         0  startup_stm32f10x_md.o ABSOLUTE
    __Vectors                                0x08000000   Data           4  startup_stm32f10x_md.o(RESET)
    __Vectors_End                            0x080000ec   Data           0  startup_stm32f10x_md.o(RESET)
    __main                                   0x080000ed   Thumb Code     0  entry.o(.ARM.Collect$$$$00000000)
    _main_stk                                0x080000ed   Thumb Code     0  entry2.o(.ARM.Collect$$$$00000001)
    _main_scatterload                        0x080000f1   Thumb Code     0  entry5.o(.ARM.Collect$$$$00000004)
    __main_after_scatterload                 0x080000f5   Thumb Code     0  entry5.o(.ARM.Collect$$$$00000004)
    _main_clock                              0x080000f5   Thumb Code     0  entry7b.o(.ARM.Collect$$$$00000008)
    _main_cpp_init                           0x080000f5   Thumb Code     0  entry8b.o(.ARM.Collect$$$$0000000A)
    _main_init                               0x080000f5   Thumb Code     0  entry9a.o(.ARM.Collect$$$$0000000B)
    __rt_final_cpp                           0x080000fd   Thumb Code     0  entry10a.o(.ARM.Collect$$$$0000000D)
    __rt_final_exit                          0x080000fd   Thumb Code     0  entry11a.o(.ARM.Collect$$$$0000000F)
    InitializeData                           0x08000111   Thumb Code     2  app.o(.text)
    main                                     0x08000143   Thumb Code    14  app.o(.text)
    Delay                                    0x08000161   Thumb Code    12  system.o(.text)
    DelayUs                                  0x0800016d   Thumb Code    22  system.o(.text)
    DelayMs                                  0x08000183   Thumb Code    24  system.o(.text)
    HexToAscii                               0x0800019b   Thumb Code    28  system.o(.text)
    PostMessageToLogicTask                   0x080001b7   Thumb Code    32  system.o(.text)
    InitializeDevice                         0x08000235   Thumb Code    74  device.o(.text)
    KeySystick100Routine                     0x080003a1   Thumb Code   272  device_key.o(.text)
    InitializeKey                            0x080004b1   Thumb Code   108  device_key.o(.text)
    RtcSystick100Routine                     0x08000559   Thumb Code   140  device_rtc.o(.text)
    InitializeRtc                            0x080005e5   Thumb Code    18  device_rtc.o(.text)
    TimerSystick1000Routine                  0x08000605   Thumb Code   136  device_timer.o(.text)
    InitializeTimer                          0x08000759   Thumb Code    12  device_timer.o(.text)
    InitializeIO                             0x0800079f   Thumb Code    42  device_io.o(.text)
    AdcSystick10000Routine                   0x080007e1   Thumb Code    82  device_adc.o(.text)
    InitializeAdc                            0x08000833   Thumb Code   146  device_adc.o(.text)
    fputc                                    0x0800093b   Thumb Code    38  device_usart.o(.text)
    USART1_IRQHandler                        0x08000961   Thumb Code    32  device_usart.o(.text)
    UsartSystick1000Routine                  0x08000981   Thumb Code    72  device_usart.o(.text)
    InitializeUsart                          0x08000a5d   Thumb Code   180  device_usart.o(.text)
    InitializeSystick                        0x08000c1b   Thumb Code    90  device_systick.o(.text)
    SysTick_Handler                          0x08000c75   Thumb Code   366  device_systick.o(.text)
    NMI_Handler                              0x08000e45   Thumb Code     2  stm32f10x_it.o(.text)
    HardFault_Handler                        0x08000e47   Thumb Code     4  stm32f10x_it.o(.text)
    MemManage_Handler                        0x08000e4b   Thumb Code     4  stm32f10x_it.o(.text)
    BusFault_Handler                         0x08000e4f   Thumb Code     4  stm32f10x_it.o(.text)
    UsageFault_Handler                       0x08000e53   Thumb Code     4  stm32f10x_it.o(.text)
    SVC_Handler                              0x08000e57   Thumb Code     2  stm32f10x_it.o(.text)
    DebugMon_Handler                         0x08000e59   Thumb Code     2  stm32f10x_it.o(.text)
    SystemInit                               0x08000f39   Thumb Code    78  system_stm32f10x.o(.text)
    SystemCoreClockUpdate                    0x08000f87   Thumb Code   142  system_stm32f10x.o(.text)
    Reset_Handler                            0x08001039   Thumb Code     8  startup_stm32f10x_md.o(.text)
    PendSV_Handler                           0x0800104f   Thumb Code     2  startup_stm32f10x_md.o(.text)
    ADC1_2_IRQHandler                        0x08001053   Thumb Code     0  startup_stm32f10x_md.o(.text)
    CAN1_RX1_IRQHandler                      0x08001053   Thumb Code     0  startup_stm32f10x_md.o(.text)
    CAN1_SCE_IRQHandler                      0x08001053   Thumb Code     0  startup_stm32f10x_md.o(.text)
    DMA1_Channel1_IRQHandler                 0x08001053   Thumb Code     0  startup_stm32f10x_md.o(.text)
    DMA1_Channel2_IRQHandler                 0x08001053   Thumb Code     0  startup_stm32f10x_md.o(.text)
    DMA1_Channel3_IRQHandler                 0x08001053   Thumb Code     0  startup_stm32f10x_md.o(.text)
    DMA1_Channel4_IRQHandler                 0x08001053   Thumb Code     0  startup_stm32f10x_md.o(.text)
    DMA1_Channel5_IRQHandler                 0x08001053   Thumb Code     0  startup_stm32f10x_md.o(.text)
    DMA1_Channel6_IRQHandler                 0x08001053   Thumb Code     0  startup_stm32f10x_md.o(.text)
    DMA1_Channel7_IRQHandler                 0x08001053   Thumb Code     0  startup_stm32f10x_md.o(.text)
    EXTI0_IRQHandler                         0x08001053   Thumb Code     0  startup_stm32f10x_md.o(.text)
    EXTI15_10_IRQHandler                     0x08001053   Thumb Code     0  startup_stm32f10x_md.o(.text)
    EXTI1_IRQHandler                         0x08001053   Thumb Code     0  startup_stm32f10x_md.o(.text)
    EXTI2_IRQHandler                         0x08001053   Thumb Code     0  startup_stm32f10x_md.o(.text)
    EXTI3_IRQHandler                         0x08001053   Thumb Code     0  startup_stm32f10x_md.o(.text)
    EXTI4_IRQHandler                         0x08001053   Thumb Code     0  startup_stm32f10x_md.o(.text)
    EXTI9_5_IRQHandler                       0x08001053   Thumb Code     0  startup_stm32f10x_md.o(.text)
    FLASH_IRQHandler                         0x08001053   Thumb Code     0  startup_stm32f10x_md.o(.text)
    I2C1_ER_IRQHandler                       0x08001053   Thumb Code     0  startup_stm32f10x_md.o(.text)
    I2C1_EV_IRQHandler                       0x08001053   Thumb Code     0  startup_stm32f10x_md.o(.text)
    I2C2_ER_IRQHandler                       0x08001053   Thumb Code     0  startup_stm32f10x_md.o(.text)
    I2C2_EV_IRQHandler                       0x08001053   Thumb Code     0  startup_stm32f10x_md.o(.text)
    PVD_IRQHandler                           0x08001053   Thumb Code     0  startup_stm32f10x_md.o(.text)
    RCC_IRQHandler                           0x08001053   Thumb Code     0  startup_stm32f10x_md.o(.text)
    RTCAlarm_IRQHandler                      0x08001053   Thumb Code     0  startup_stm32f10x_md.o(.text)
    RTC_IRQHandler                           0x08001053   Thumb Code     0  startup_stm32f10x_md.o(.text)
    SPI1_IRQHandler                          0x08001053   Thumb Code     0  startup_stm32f10x_md.o(.text)
    SPI2_IRQHandler                          0x08001053   Thumb Code     0  startup_stm32f10x_md.o(.text)
    TAMPER_IRQHandler                        0x08001053   Thumb Code     0  startup_stm32f10x_md.o(.text)
    TIM1_BRK_IRQHandler                      0x08001053   Thumb Code     0  startup_stm32f10x_md.o(.text)
    TIM1_CC_IRQHandler                       0x08001053   Thumb Code     0  startup_stm32f10x_md.o(.text)
    TIM1_TRG_COM_IRQHandler                  0x08001053   Thumb Code     0  startup_stm32f10x_md.o(.text)
    TIM1_UP_IRQHandler                       0x08001053   Thumb Code     0  startup_stm32f10x_md.o(.text)
    TIM2_IRQHandler                          0x08001053   Thumb Code     0  startup_stm32f10x_md.o(.text)
    TIM3_IRQHandler                          0x08001053   Thumb Code     0  startup_stm32f10x_md.o(.text)
    TIM4_IRQHandler                          0x08001053   Thumb Code     0  startup_stm32f10x_md.o(.text)
    USART2_IRQHandler                        0x08001053   Thumb Code     0  startup_stm32f10x_md.o(.text)
    USART3_IRQHandler                        0x08001053   Thumb Code     0  startup_stm32f10x_md.o(.text)
    USBWakeUp_IRQHandler                     0x08001053   Thumb Code     0  startup_stm32f10x_md.o(.text)
    USB_HP_CAN1_TX_IRQHandler                0x08001053   Thumb Code     0  startup_stm32f10x_md.o(.text)
    USB_LP_CAN1_RX0_IRQHandler               0x08001053   Thumb Code     0  startup_stm32f10x_md.o(.text)
    WWDG_IRQHandler                          0x08001053   Thumb Code     0  startup_stm32f10x_md.o(.text)
    USART_DeInit                             0x0800105d   Thumb Code   134  stm32f10x_usart.o(.text)
    USART_Init                               0x080010e3   Thumb Code   210  stm32f10x_usart.o(.text)
    USART_StructInit                         0x080011b5   Thumb Code    24  stm32f10x_usart.o(.text)
    USART_ClockInit                          0x080011cd   Thumb Code    34  stm32f10x_usart.o(.text)
    USART_ClockStructInit                    0x080011ef   Thumb Code    12  stm32f10x_usart.o(.text)
    USART_Cmd                                0x080011fb   Thumb Code    24  stm32f10x_usart.o(.text)
    USART_ITConfig                           0x08001213   Thumb Code    74  stm32f10x_usart.o(.text)
    USART_DMACmd                             0x0800125d   Thumb Code    18  stm32f10x_usart.o(.text)
    USART_SetAddress                         0x0800126f   Thumb Code    18  stm32f10x_usart.o(.text)
    USART_WakeUpConfig                       0x08001281   Thumb Code    18  stm32f10x_usart.o(.text)
    USART_ReceiverWakeUpCmd                  0x08001293   Thumb Code    24  stm32f10x_usart.o(.text)
    USART_LINBreakDetectLengthConfig         0x080012ab   Thumb Code    18  stm32f10x_usart.o(.text)
    USART_LINCmd                             0x080012bd   Thumb Code    24  stm32f10x_usart.o(.text)
    USART_SendData                           0x080012d5   Thumb Code     8  stm32f10x_usart.o(.text)
    USART_ReceiveData                        0x080012dd   Thumb Code    10  stm32f10x_usart.o(.text)
    USART_SendBreak                          0x080012e7   Thumb Code    10  stm32f10x_usart.o(.text)
    USART_SetGuardTime                       0x080012f1   Thumb Code    16  stm32f10x_usart.o(.text)
    USART_SetPrescaler                       0x08001301   Thumb Code    16  stm32f10x_usart.o(.text)
    USART_SmartCardCmd                       0x08001311   Thumb Code    24  stm32f10x_usart.o(.text)
    USART_SmartCardNACKCmd                   0x08001329   Thumb Code    24  stm32f10x_usart.o(.text)
    USART_HalfDuplexCmd                      0x08001341   Thumb Code    24  stm32f10x_usart.o(.text)
    USART_OverSampling8Cmd                   0x08001359   Thumb Code    22  stm32f10x_usart.o(.text)
    USART_OneBitMethodCmd                    0x0800136f   Thumb Code    24  stm32f10x_usart.o(.text)
    USART_IrDAConfig                         0x08001387   Thumb Code    18  stm32f10x_usart.o(.text)
    USART_IrDACmd                            0x08001399   Thumb Code    24  stm32f10x_usart.o(.text)
    USART_GetFlagStatus                      0x080013b1   Thumb Code    26  stm32f10x_usart.o(.text)
    USART_ClearFlag                          0x080013cb   Thumb Code    18  stm32f10x_usart.o(.text)
    USART_GetITStatus                        0x080013dd   Thumb Code    84  stm32f10x_usart.o(.text)
    USART_ClearITPendingBit                  0x08001431   Thumb Code    52  stm32f10x_usart.o(.text)
    NVIC_PriorityGroupConfig                 0x08001465   Thumb Code    10  misc.o(.text)
    NVIC_Init                                0x0800146f   Thumb Code   102  misc.o(.text)
    NVIC_SetVectorTable                      0x080014d5   Thumb Code    14  misc.o(.text)
    NVIC_SystemLPConfig                      0x080014e3   Thumb Code    34  misc.o(.text)
    SysTick_CLKSourceConfig                  0x08001505   Thumb Code    40  misc.o(.text)
    GPIO_DeInit                              0x08001541   Thumb Code   172  stm32f10x_gpio.o(.text)
    GPIO_AFIODeInit                          0x080015ed   Thumb Code    20  stm32f10x_gpio.o(.text)
    GPIO_Init                                0x08001601   Thumb Code   274  stm32f10x_gpio.o(.text)
    GPIO_StructInit                          0x08001713   Thumb Code    16  stm32f10x_gpio.o(.text)
    GPIO_ReadInputDataBit                    0x08001723   Thumb Code    18  stm32f10x_gpio.o(.text)
    GPIO_ReadInputData                       0x08001735   Thumb Code     8  stm32f10x_gpio.o(.text)
    GPIO_ReadOutputDataBit                   0x0800173d   Thumb Code    18  stm32f10x_gpio.o(.text)
    GPIO_ReadOutputData                      0x0800174f   Thumb Code     8  stm32f10x_gpio.o(.text)
    GPIO_SetBits                             0x08001757   Thumb Code     4  stm32f10x_gpio.o(.text)
    GPIO_ResetBits                           0x0800175b   Thumb Code     4  stm32f10x_gpio.o(.text)
    GPIO_WriteBit                            0x0800175f   Thumb Code    10  stm32f10x_gpio.o(.text)
    GPIO_Write                               0x08001769   Thumb Code     4  stm32f10x_gpio.o(.text)
    GPIO_PinLockConfig                       0x0800176d   Thumb Code    18  stm32f10x_gpio.o(.text)
    GPIO_EventOutputConfig                   0x0800177f   Thumb Code    26  stm32f10x_gpio.o(.text)
    GPIO_EventOutputCmd                      0x08001799   Thumb Code     6  stm32f10x_gpio.o(.text)
    GPIO_PinRemapConfig                      0x0800179f   Thumb Code   138  stm32f10x_gpio.o(.text)
    GPIO_EXTILineConfig                      0x08001829   Thumb Code    66  stm32f10x_gpio.o(.text)
    GPIO_ETH_MediaInterfaceConfig            0x0800186b   Thumb Code     6  stm32f10x_gpio.o(.text)
    RCC_DeInit                               0x08001899   Thumb Code    64  stm32f10x_rcc.o(.text)
    RCC_HSEConfig                            0x080018d9   Thumb Code    70  stm32f10x_rcc.o(.text)
    RCC_GetFlagStatus                        0x0800191f   Thumb Code    56  stm32f10x_rcc.o(.text)
    RCC_WaitForHSEStartUp                    0x08001957   Thumb Code    56  stm32f10x_rcc.o(.text)
    RCC_AdjustHSICalibrationValue            0x0800198f   Thumb Code    20  stm32f10x_rcc.o(.text)
    RCC_HSICmd                               0x080019a3   Thumb Code     6  stm32f10x_rcc.o(.text)
    RCC_PLLConfig                            0x080019a9   Thumb Code    24  stm32f10x_rcc.o(.text)
    RCC_PLLCmd                               0x080019c1   Thumb Code     6  stm32f10x_rcc.o(.text)
    RCC_SYSCLKConfig                         0x080019c7   Thumb Code    18  stm32f10x_rcc.o(.text)
    RCC_GetSYSCLKSource                      0x080019d9   Thumb Code    10  stm32f10x_rcc.o(.text)
    RCC_HCLKConfig                           0x080019e3   Thumb Code    18  stm32f10x_rcc.o(.text)
    RCC_PCLK1Config                          0x080019f5   Thumb Code    18  stm32f10x_rcc.o(.text)
    RCC_PCLK2Config                          0x08001a07   Thumb Code    20  stm32f10x_rcc.o(.text)
    RCC_ITConfig                             0x08001a1b   Thumb Code    26  stm32f10x_rcc.o(.text)
    RCC_USBCLKConfig                         0x08001a35   Thumb Code     6  stm32f10x_rcc.o(.text)
    RCC_ADCCLKConfig                         0x08001a3b   Thumb Code    18  stm32f10x_rcc.o(.text)
    RCC_LSEConfig                            0x08001a4d   Thumb Code    44  stm32f10x_rcc.o(.text)
    RCC_LSICmd                               0x08001a79   Thumb Code     6  stm32f10x_rcc.o(.text)
    RCC_RTCCLKConfig                         0x08001a7f   Thumb Code    12  stm32f10x_rcc.o(.text)
    RCC_RTCCLKCmd                            0x08001a8b   Thumb Code     8  stm32f10x_rcc.o(.text)
    RCC_GetClocksFreq                        0x08001a93   Thumb Code   192  stm32f10x_rcc.o(.text)
    RCC_AHBPeriphClockCmd                    0x08001b53   Thumb Code    26  stm32f10x_rcc.o(.text)
    RCC_APB2PeriphClockCmd                   0x08001b6d   Thumb Code    26  stm32f10x_rcc.o(.text)
    RCC_APB1PeriphClockCmd                   0x08001b87   Thumb Code    26  stm32f10x_rcc.o(.text)
    RCC_APB2PeriphResetCmd                   0x08001ba1   Thumb Code    26  stm32f10x_rcc.o(.text)
    RCC_APB1PeriphResetCmd                   0x08001bbb   Thumb Code    26  stm32f10x_rcc.o(.text)
    RCC_BackupResetCmd                       0x08001bd5   Thumb Code     8  stm32f10x_rcc.o(.text)
    RCC_ClockSecuritySystemCmd               0x08001bdd   Thumb Code     6  stm32f10x_rcc.o(.text)
    RCC_MCOConfig                            0x08001be3   Thumb Code     6  stm32f10x_rcc.o(.text)
    RCC_ClearFlag                            0x08001be9   Thumb Code    14  stm32f10x_rcc.o(.text)
    RCC_GetITStatus                          0x08001bf7   Thumb Code    20  stm32f10x_rcc.o(.text)
    RCC_ClearITPendingBit                    0x08001c0b   Thumb Code     6  stm32f10x_rcc.o(.text)
    ADC_DeInit                               0x08001c3d   Thumb Code    78  stm32f10x_adc.o(.text)
    ADC_Init                                 0x08001c8b   Thumb Code    70  stm32f10x_adc.o(.text)
    ADC_StructInit                           0x08001cd1   Thumb Code    18  stm32f10x_adc.o(.text)
    ADC_Cmd                                  0x08001ce3   Thumb Code    22  stm32f10x_adc.o(.text)
    ADC_DMACmd                               0x08001cf9   Thumb Code    22  stm32f10x_adc.o(.text)
    ADC_ITConfig                             0x08001d0f   Thumb Code    24  stm32f10x_adc.o(.text)
    ADC_ResetCalibration                     0x08001d27   Thumb Code    10  stm32f10x_adc.o(.text)
    ADC_GetResetCalibrationStatus            0x08001d31   Thumb Code    20  stm32f10x_adc.o(.text)
    ADC_StartCalibration                     0x08001d45   Thumb Code    10  stm32f10x_adc.o(.text)
    ADC_GetCalibrationStatus                 0x08001d4f   Thumb Code    20  stm32f10x_adc.o(.text)
    ADC_SoftwareStartConvCmd                 0x08001d63   Thumb Code    22  stm32f10x_adc.o(.text)
    ADC_GetSoftwareStartConvStatus           0x08001d79   Thumb Code    20  stm32f10x_adc.o(.text)
    ADC_DiscModeChannelCountConfig           0x08001d8d   Thumb Code    24  stm32f10x_adc.o(.text)
    ADC_DiscModeCmd                          0x08001da5   Thumb Code    22  stm32f10x_adc.o(.text)
    ADC_RegularChannelConfig                 0x08001dbb   Thumb Code   184  stm32f10x_adc.o(.text)
    ADC_ExternalTrigConvCmd                  0x08001e73   Thumb Code    22  stm32f10x_adc.o(.text)
    ADC_GetConversionValue                   0x08001e89   Thumb Code     8  stm32f10x_adc.o(.text)
    ADC_GetDualModeConversionValue           0x08001e91   Thumb Code     8  stm32f10x_adc.o(.text)
    ADC_AutoInjectedConvCmd                  0x08001e99   Thumb Code    22  stm32f10x_adc.o(.text)
    ADC_InjectedDiscModeCmd                  0x08001eaf   Thumb Code    22  stm32f10x_adc.o(.text)
    ADC_ExternalTrigInjectedConvConfig       0x08001ec5   Thumb Code    16  stm32f10x_adc.o(.text)
    ADC_ExternalTrigInjectedConvCmd          0x08001ed5   Thumb Code    22  stm32f10x_adc.o(.text)
    ADC_SoftwareStartInjectedConvCmd         0x08001eeb   Thumb Code    22  stm32f10x_adc.o(.text)
    ADC_GetSoftwareStartInjectedConvCmdStatus 0x08001f01   Thumb Code    20  stm32f10x_adc.o(.text)
    ADC_InjectedChannelConfig                0x08001f15   Thumb Code   130  stm32f10x_adc.o(.text)
    ADC_InjectedSequencerLengthConfig        0x08001f97   Thumb Code    24  stm32f10x_adc.o(.text)
    ADC_SetInjectedOffset                    0x08001faf   Thumb Code    20  stm32f10x_adc.o(.text)
    ADC_GetInjectedConversionValue           0x08001fc3   Thumb Code    28  stm32f10x_adc.o(.text)
    ADC_AnalogWatchdogCmd                    0x08001fdf   Thumb Code    16  stm32f10x_adc.o(.text)
    ADC_AnalogWatchdogThresholdsConfig       0x08001fef   Thumb Code     6  stm32f10x_adc.o(.text)
    ADC_AnalogWatchdogSingleChannelConfig    0x08001ff5   Thumb Code    16  stm32f10x_adc.o(.text)
    ADC_TempSensorVrefintCmd                 0x08002005   Thumb Code    64  stm32f10x_adc.o(.text)
    ADC_GetFlagStatus                        0x08002045   Thumb Code    18  stm32f10x_adc.o(.text)
    ADC_ClearFlag                            0x08002057   Thumb Code     6  stm32f10x_adc.o(.text)
    ADC_GetITStatus                          0x0800205d   Thumb Code    36  stm32f10x_adc.o(.text)
    ADC_ClearITPendingBit                    0x08002081   Thumb Code    10  stm32f10x_adc.o(.text)
    __scatterload                            0x0800208d   Thumb Code    28  init.o(.text)
    __scatterload_rt2                        0x0800208d   Thumb Code     0  init.o(.text)
    __0printf$bare                           0x080020b1   Thumb Code     8  printfb.o(i.__0printf$bare)
    __1printf$bare                           0x080020b1   Thumb Code     0  printfb.o(i.__0printf$bare)
    __2printf                                0x080020b1   Thumb Code     0  printfb.o(i.__0printf$bare)
    __scatterload_copy                       0x080020c1   Thumb Code    14  handlers.o(i.__scatterload_copy)
    __scatterload_null                       0x080020cf   Thumb Code     2  handlers.o(i.__scatterload_null)
    __scatterload_zeroinit                   0x080020d1   Thumb Code    14  handlers.o(i.__scatterload_zeroinit)
    Region$$Table$$Base                      0x08002110   Number         0  anon$$obj.o(Region$$Table)
    Region$$Table$$Limit                     0x08002130   Number         0  anon$$obj.o(Region$$Table)
    CriticalNesting                          0x20000000   Data           2  system.o(.data)
    LogicTaskMessageQueuePointer             0x20000004   Data           4  system.o(.data)
    System                                   0x20000008   Data          52  system.o(.data)
    SystemCoreClock                          0x200000a0   Data           4  system_stm32f10x.o(.data)
    AHBPrescTable                            0x200000a4   Data          16  system_stm32f10x.o(.data)
    __stdout                                 0x200000c8   Data           4  stdout.o(.data)
    LogicTaskStack                           0x200000cc   Data        1600  app.o(.bss)
    MenuTaskStack                            0x2000070c   Data         400  app.o(.bss)
    LogicTaskMessageQueue                    0x2000089c   Data         160  app.o(.bss)
    App                                      0x2000093c   Data          68  app.o(.bss)
    __initial_sp                             0x200011c0   Data           0  startup_stm32f10x_md.o(STACK)



==============================================================================

Memory Map of the image

  Image Entry point : 0x080000ed

  Load Region LR_IROM1 (Base: 0x08000000, Size: 0x000021fc, Max: 0x00010000, ABSOLUTE)

    Execution Region ER_IROM1 (Base: 0x08000000, Size: 0x00002130, Max: 0x00010000, ABSOLUTE)

    Base Addr    Size         Type   Attr      Idx    E Section Name        Object

    0x08000000   0x000000ec   Data   RO          317    RESET               startup_stm32f10x_md.o
    0x080000ec   0x00000000   Code   RO          432  * .ARM.Collect$$$$00000000  mc_w.l(entry.o)
    0x080000ec   0x00000004   Code   RO          695    .ARM.Collect$$$$00000001  mc_w.l(entry2.o)
    0x080000f0   0x00000004   Code   RO          698    .ARM.Collect$$$$00000004  mc_w.l(entry5.o)
    0x080000f4   0x00000000   Code   RO          700    .ARM.Collect$$$$00000008  mc_w.l(entry7b.o)
    0x080000f4   0x00000000   Code   RO          702    .ARM.Collect$$$$0000000A  mc_w.l(entry8b.o)
    0x080000f4   0x00000008   Code   RO          703    .ARM.Collect$$$$0000000B  mc_w.l(entry9a.o)
    0x080000fc   0x00000000   Code   RO          705    .ARM.Collect$$$$0000000D  mc_w.l(entry10a.o)
    0x080000fc   0x00000000   Code   RO          707    .ARM.Collect$$$$0000000F  mc_w.l(entry11a.o)
    0x080000fc   0x00000004   Code   RO          696    .ARM.Collect$$$$00002712  mc_w.l(entry2.o)
    0x08000100   0x00000060   Code   RO            1    .text               app.o
    0x08000160   0x000000b4   Code   RO           50    .text               system.o
    0x08000214   0x00000078   Code   RO           78    .text               device.o
    0x0800028c   0x000002cc   Code   RO          128    .text               device_key.o
    0x08000558   0x000000ac   Code   RO          146    .text               device_rtc.o
    0x08000604   0x00000194   Code   RO          159    .text               device_timer.o
    0x08000798   0x00000040   Code   RO          174    .text               device_io.o
    0x080007d8   0x00000104   Code   RO          186    .text               device_adc.o
    0x080008dc   0x00000264   Code   RO          200    .text               device_usart.o
    0x08000b40   0x00000304   Code   RO          215    .text               device_systick.o
    0x08000e44   0x00000016   Code   RO          233    .text               stm32f10x_it.o
    0x08000e5a   0x00000002   PAD
    0x08000e5c   0x000001dc   Code   RO          284    .text               system_stm32f10x.o
    0x08001038   0x00000024   Code   RO          318    .text               startup_stm32f10x_md.o
    0x0800105c   0x00000408   Code   RO          322    .text               stm32f10x_usart.o
    0x08001464   0x000000dc   Code   RO          352    .text               misc.o
    0x08001540   0x00000358   Code   RO          370    .text               stm32f10x_gpio.o
    0x08001898   0x000003a4   Code   RO          385    .text               stm32f10x_rcc.o
    0x08001c3c   0x0000044e   Code   RO          417    .text               stm32f10x_adc.o
    0x0800208a   0x00000002   PAD
    0x0800208c   0x00000024   Code   RO          725    .text               mc_w.l(init.o)
    0x080020b0   0x00000010   Code   RO          436    i.__0printf$bare    mc_w.l(printfb.o)
    0x080020c0   0x0000000e   Code   RO          737    i.__scatterload_copy  mc_w.l(handlers.o)
    0x080020ce   0x00000002   Code   RO          738    i.__scatterload_null  mc_w.l(handlers.o)
    0x080020d0   0x0000000e   Code   RO          739    i.__scatterload_zeroinit  mc_w.l(handlers.o)
    0x080020de   0x00000022   Code   RO          443    i._printf_core      mc_w.l(printfb.o)
    0x08002100   0x00000010   Data   RO           51    .constdata          system.o
    0x08002110   0x00000020   Data   RO          735    Region$$Table       anon$$obj.o


    Execution Region RW_IRAM1 (Base: 0x20000000, Size: 0x000011c0, Max: 0x00005000, ABSOLUTE)

    Base Addr    Size         Type   Attr      Idx    E Section Name        Object

    0x20000000   0x0000003c   Data   RW           52    .data               system.o
    0x2000003c   0x00000004   Data   RW          129    .data               device_key.o
    0x20000040   0x00000001   Data   RW          147    .data               device_rtc.o
    0x20000041   0x00000003   PAD
    0x20000044   0x00000005   Data   RW          161    .data               device_timer.o
    0x20000049   0x00000003   PAD
    0x2000004c   0x00000014   Data   RW          187    .data               device_adc.o
    0x20000060   0x00000004   Data   RW          202    .data               device_usart.o
    0x20000064   0x0000003c   Data   RW          216    .data               device_systick.o
    0x200000a0   0x00000014   Data   RW          285    .data               system_stm32f10x.o
    0x200000b4   0x00000014   Data   RW          386    .data               stm32f10x_rcc.o
    0x200000c8   0x00000004   Data   RW          709    .data               mc_w.l(stdout.o)
    0x200000cc   0x000008b4   Zero   RW            2    .bss                app.o
    0x20000980   0x00000040   Zero   RW          160    .bss                device_timer.o
    0x200009c0   0x000003fc   Zero   RW          201    .bss                device_usart.o
    0x20000dbc   0x00000004   PAD
    0x20000dc0   0x00000400   Zero   RW          315    STACK               startup_stm32f10x_md.o


==============================================================================

Image component sizes


      Code (inc. data)   RO Data    RW Data    ZI Data      Debug   Object Name

        96         16          0          0       2228       8901   app.o
         0          0          0          0          0         32   core_cm3.o
       120         14          0          0          0     230567   device.o
       260         24          0         20          0       1403   device_adc.o
        64         16          0          0          0        571   device_io.o
       716         60          0          4          0       1745   device_key.o
       172         14          0          1          0        589   device_rtc.o
       772        198          0         60          0      17255   device_systick.o
       404         52          0          5         64       1818   device_timer.o
       612         48          0          4       1020       3034   device_usart.o
       220         20          0          0          0       3485   misc.o
        36          8        236          0       1024        792   startup_stm32f10x_md.o
      1102         26          0          0          0      19881   stm32f10x_adc.o
       856         40          0          0          0      14013   stm32f10x_gpio.o
        22          0          0          0          0        995   stm32f10x_it.o
       932         44          0         20          0      17508   stm32f10x_rcc.o
      1032         22          0          0          0      23168   stm32f10x_usart.o
       180         54         16         60          0       5464   system.o
       476         36          0         20          0     203479   system_stm32f10x.o

    ----------------------------------------------------------------------
      8076        692        284        200       4340     554700   Object Totals
         0          0         32          0          0          0   (incl. Generated)
         4          0          0          6          4          0   (incl. Padding)

    ----------------------------------------------------------------------

      Code (inc. data)   RO Data    RW Data    ZI Data      Debug   Library Member Name

         0          0          0          0          0          0   entry.o
         0          0          0          0          0          0   entry10a.o
         0          0          0          0          0          0   entry11a.o
         8          4          0          0          0          0   entry2.o
         4          0          0          0          0          0   entry5.o
         0          0          0          0          0          0   entry7b.o
         0          0          0          0          0          0   entry8b.o
         8          4          0          0          0          0   entry9a.o
        30          0          0          0          0          0   handlers.o
        36          8          0          0          0         68   init.o
        50          8          0          0          0        152   printfb.o
         0          0          0          4          0          0   stdout.o

    ----------------------------------------------------------------------
       136         24          0          4          0        220   Library Totals
         0          0          0          0          0          0   (incl. Padding)

    ----------------------------------------------------------------------

      Code (inc. data)   RO Data    RW Data    ZI Data      Debug   Library Name

       136         24          0          4          0        220   mc_w.l

    ----------------------------------------------------------------------
       136         24          0          4          0        220   Library Totals

    ----------------------------------------------------------------------

==============================================================================


      Code (inc. data)   RO Data    RW Data    ZI Data      Debug   

      8212        716        284        204       4340     553360   Grand Totals
      8212        716        284        204       4340     553360   ELF Image Totals
      8212        716        284        204          0          0   ROM Totals

==============================================================================

    Total RO  Size (Code + RO Data)                 8496 (   8.30kB)
    Total RW  Size (RW Data + ZI Data)              4544 (   4.44kB)
    Total ROM Size (Code + RO Data + RW Data)       8700 (   8.50kB)

==============================================================================

