ARM Linker, 5.03 [Build 76] [MDK-ARM Professional]

==============================================================================

Section Cross References

    app.o(.text) refers to proc.o(.text) for HB_Relay_Cmd
    app.o(.text) refers to uart.o(.text) for HB_Send_Level_Return
    app.o(.text) refers to system.o(.text) for PostMessageToLogicTask
    app.o(.text) refers to app.o(.data) for HB_Run_Flag
    app.o(.text) refers to app.o(.bss) for floor_tmp
    app.o(.text) refers to system.o(.data) for System
    uart.o(.text) refers to memcpya.o(.text) for __aeabi_memcpy
    uart.o(.text) refers to uart.o(.data) for UART3_RxHead
    uart.o(.text) refers to uart.o(.bss) for UART3_RxBuf
    uart.o(.text) refers to system.o(.data) for System
    uart.o(.text) refers to app.o(.bss) for fram_data_buff
    uart.o(.text) refers to app.o(.data) for fram_len
    proc.o(.text) refers to system.o(.text) for DelayMs
    proc.o(.text) refers to system.o(.data) for System
    proc.o(.text) refers to app.o(.bss) for App
    system.o(.text) refers to printfb.o(i.__0printf$bare) for __2printf
    system.o(.text) refers to device.o(.text) for InitializeDevice
    system.o(.text) refers to system.o(.constdata) for HextoAscii
    system.o(.text) refers to system.o(.data) for LogicTaskMessageQueuePointer
    system.o(.data) refers to system.o(.text) for Initialize
    device.o(.text) refers to device_usart.o(.text) for InitializeUsart3
    device.o(.text) refers to device_rtc.o(.text) for InitializeRtc
    device.o(.text) refers to device_io.o(.text) for InitializeIO
    device.o(.text) refers to device_timer.o(.text) for InitializeTimer
    device.o(.text) refers to device_adc.o(.text) for InitializeAdc
    device.o(.text) refers to device_encoder.o(.text) for InitializeEncoder
    device.o(.text) refers to device_systick.o(.text) for InitializeSystick
    device.o(.text) refers to misc.o(.text) for NVIC_PriorityGroupConfig
    device_key.o(.text) refers to system.o(.text) for DelayUs
    device_key.o(.text) refers to stm32f10x_gpio.o(.text) for GPIO_PinRemapConfig
    device_key.o(.text) refers to device_key.o(.data) for KeyBeepCounter
    device_rtc.o(.text) refers to device_rtc.o(.data) for Counter
    device_rtc.o(.text) refers to system.o(.data) for System
    device_timer.o(.text) refers to system.o(.text) for PostMessageToLogicTask
    device_timer.o(.text) refers to printfb.o(i.__0printf$bare) for __2printf
    device_timer.o(.text) refers to device_timer.o(.data) for State
    device_timer.o(.text) refers to system.o(.data) for CriticalNesting
    device_timer.o(.text) refers to device_timer.o(.bss) for Block
    device_io.o(.text) refers to stm32f10x_rcc.o(.text) for RCC_APB2PeriphClockCmd
    device_io.o(.text) refers to stm32f10x_gpio.o(.text) for GPIO_Init
    device_io.o(.text) refers to system.o(.data) for System
    device_adc.o(.text) refers to stm32f10x_adc.o(.text) for ADC_GetFlagStatus
    device_adc.o(.text) refers to stm32f10x_rcc.o(.text) for RCC_APB2PeriphClockCmd
    device_adc.o(.text) refers to stm32f10x_gpio.o(.text) for GPIO_Init
    device_adc.o(.text) refers to device_adc.o(.data) for RegisterPointerBlock
    device_adc.o(.text) refers to system.o(.data) for System
    device_usart.o(.text) refers to stm32f10x_usart.o(.text) for USART_GetITStatus
    device_usart.o(.text) refers to stm32f10x_rcc.o(.text) for RCC_APB2PeriphClockCmd
    device_usart.o(.text) refers to stm32f10x_gpio.o(.text) for GPIO_Init
    device_usart.o(.text) refers to misc.o(.text) for NVIC_Init
    device_usart.o(.text) refers to device_usart.o(.bss) for Usart3DataQueue
    device_usart.o(.text) refers to system.o(.data) for CriticalNesting
    device_usart.o(.text) refers to device_usart.o(.data) for Usart1RxdRegisterFunction
    device_usart.o(.data) refers to device_usart.o(.text) for Dummy
    device_systick.o(.text) refers to printfb.o(i.__0printf$bare) for __2printf
    device_systick.o(.text) refers to device_encoder.o(.text) for EncoderSystick1000Routine
    device_systick.o(.text) refers to device_usart.o(.text) for UsartSystick1000Routine
    device_systick.o(.text) refers to device_adc.o(.text) for AdcSystick10000Routine
    device_systick.o(.text) refers to system.o(.data) for CriticalNesting
    device_systick.o(.text) refers to device_systick.o(.data) for Systick100Counter
    device_systick.o(.text) refers to system_stm32f10x.o(.data) for SystemCoreClock
    device_systick.o(.data) refers to device_systick.o(.text) for Dummy
    system_stm32f10x.o(.text) refers to system_stm32f10x.o(.data) for SystemCoreClock
    startup_stm32f10x_md.o(RESET) refers to startup_stm32f10x_md.o(STACK) for __initial_sp
    startup_stm32f10x_md.o(RESET) refers to startup_stm32f10x_md.o(.text) for Reset_Handler
    startup_stm32f10x_md.o(RESET) refers to stm32f10x_it.o(.text) for NMI_Handler
    startup_stm32f10x_md.o(RESET) refers to device_systick.o(.text) for SysTick_Handler
    startup_stm32f10x_md.o(RESET) refers to device_usart.o(.text) for USART1_IRQHandler
    startup_stm32f10x_md.o(.text) refers to system_stm32f10x.o(.text) for SystemInit
    startup_stm32f10x_md.o(.text) refers to entry.o(.ARM.Collect$$$$00000000) for __main
    stm32f10x_usart.o(.text) refers to stm32f10x_rcc.o(.text) for RCC_APB2PeriphResetCmd
    stm32f10x_gpio.o(.text) refers to stm32f10x_rcc.o(.text) for RCC_APB2PeriphResetCmd
    stm32f10x_rcc.o(.text) refers to stm32f10x_rcc.o(.data) for APBAHBPrescTable
    stm32f10x_adc.o(.text) refers to stm32f10x_rcc.o(.text) for RCC_APB2PeriphResetCmd
    stm32f10x_tim.o(.text) refers to stm32f10x_rcc.o(.text) for RCC_APB2PeriphResetCmd
    device_encoder.o(.text) refers to stm32f10x_rcc.o(.text) for RCC_APB2PeriphClockCmd
    device_encoder.o(.text) refers to stm32f10x_gpio.o(.text) for GPIO_StructInit
    device_encoder.o(.text) refers to stm32f10x_tim.o(.text) for TIM_DeInit
    device_encoder.o(.text) refers to device_encoder.o(.bss) for hSpeed_Buffer
    device_encoder.o(.text) refers to device_encoder.o(.data) for bIs_First_Measurement
    device_encoder.o(.text) refers to system.o(.data) for System
    entry.o(.ARM.Collect$$$$00000000) refers (Special) to entry10a.o(.ARM.Collect$$$$0000000D) for __rt_final_cpp
    entry.o(.ARM.Collect$$$$00000000) refers (Special) to entry11a.o(.ARM.Collect$$$$0000000F) for __rt_final_exit
    entry.o(.ARM.Collect$$$$00000000) refers (Special) to entry7b.o(.ARM.Collect$$$$00000008) for _main_clock
    entry.o(.ARM.Collect$$$$00000000) refers (Special) to entry8b.o(.ARM.Collect$$$$0000000A) for _main_cpp_init
    entry.o(.ARM.Collect$$$$00000000) refers (Special) to entry9a.o(.ARM.Collect$$$$0000000B) for _main_init
    entry.o(.ARM.Collect$$$$00000000) refers (Special) to entry5.o(.ARM.Collect$$$$00000004) for _main_scatterload
    entry.o(.ARM.Collect$$$$00000000) refers (Special) to entry2.o(.ARM.Collect$$$$00000001) for _main_stk
    printfb.o(i.__0fprintf$bare) refers to printfb.o(i._printf_core) for _printf_core
    printfb.o(i.__0fprintf$bare) refers to device_usart.o(.text) for fputc
    printfb.o(i.__0printf$bare) refers to printfb.o(i._printf_core) for _printf_core
    printfb.o(i.__0printf$bare) refers to device_usart.o(.text) for fputc
    printfb.o(i.__0printf$bare) refers to stdout.o(.data) for __stdout
    printfb.o(i.__0snprintf$bare) refers to printfb.o(i._printf_core) for _printf_core
    printfb.o(i.__0snprintf$bare) refers to printfb.o(i._snputc) for _snputc
    printfb.o(i.__0sprintf$bare) refers to printfb.o(i._printf_core) for _printf_core
    printfb.o(i.__0sprintf$bare) refers to printfb.o(i._sputc) for _sputc
    printfb.o(i.__0vfprintf$bare) refers to printfb.o(i._printf_core) for _printf_core
    printfb.o(i.__0vfprintf$bare) refers to device_usart.o(.text) for fputc
    printfb.o(i.__0vprintf$bare) refers to printfb.o(i._printf_core) for _printf_core
    printfb.o(i.__0vprintf$bare) refers to device_usart.o(.text) for fputc
    printfb.o(i.__0vprintf$bare) refers to stdout.o(.data) for __stdout
    printfb.o(i.__0vsnprintf$bare) refers to printfb.o(i._printf_core) for _printf_core
    printfb.o(i.__0vsnprintf$bare) refers to printfb.o(i._snputc) for _snputc
    printfb.o(i.__0vsprintf$bare) refers to printfb.o(i._printf_core) for _printf_core
    printfb.o(i.__0vsprintf$bare) refers to printfb.o(i._sputc) for _sputc
    printf0.o(i.__0fprintf$0) refers to printf0.o(i._printf_core) for _printf_core
    printf0.o(i.__0fprintf$0) refers to device_usart.o(.text) for fputc
    printf0.o(i.__0printf$0) refers to printf0.o(i._printf_core) for _printf_core
    printf0.o(i.__0printf$0) refers to device_usart.o(.text) for fputc
    printf0.o(i.__0printf$0) refers to stdout.o(.data) for __stdout
    printf0.o(i.__0snprintf$0) refers to printf0.o(i._printf_core) for _printf_core
    printf0.o(i.__0snprintf$0) refers to printf0.o(i._snputc) for _snputc
    printf0.o(i.__0sprintf$0) refers to printf0.o(i._printf_core) for _printf_core
    printf0.o(i.__0sprintf$0) refers to printf0.o(i._sputc) for _sputc
    printf0.o(i.__0vfprintf$0) refers to printf0.o(i._printf_core) for _printf_core
    printf0.o(i.__0vfprintf$0) refers to device_usart.o(.text) for fputc
    printf0.o(i.__0vprintf$0) refers to printf0.o(i._printf_core) for _printf_core
    printf0.o(i.__0vprintf$0) refers to device_usart.o(.text) for fputc
    printf0.o(i.__0vprintf$0) refers to stdout.o(.data) for __stdout
    printf0.o(i.__0vsnprintf$0) refers to printf0.o(i._printf_core) for _printf_core
    printf0.o(i.__0vsnprintf$0) refers to printf0.o(i._snputc) for _snputc
    printf0.o(i.__0vsprintf$0) refers to printf0.o(i._printf_core) for _printf_core
    printf0.o(i.__0vsprintf$0) refers to printf0.o(i._sputc) for _sputc
    printf1.o(i.__0fprintf$1) refers to printf1.o(i._printf_core) for _printf_core
    printf1.o(i.__0fprintf$1) refers to device_usart.o(.text) for fputc
    printf1.o(i.__0printf$1) refers to printf1.o(i._printf_core) for _printf_core
    printf1.o(i.__0printf$1) refers to device_usart.o(.text) for fputc
    printf1.o(i.__0printf$1) refers to stdout.o(.data) for __stdout
    printf1.o(i.__0snprintf$1) refers to printf1.o(i._printf_core) for _printf_core
    printf1.o(i.__0snprintf$1) refers to printf1.o(i._snputc) for _snputc
    printf1.o(i.__0sprintf$1) refers to printf1.o(i._printf_core) for _printf_core
    printf1.o(i.__0sprintf$1) refers to printf1.o(i._sputc) for _sputc
    printf1.o(i.__0vfprintf$1) refers to printf1.o(i._printf_core) for _printf_core
    printf1.o(i.__0vfprintf$1) refers to device_usart.o(.text) for fputc
    printf1.o(i.__0vprintf$1) refers to printf1.o(i._printf_core) for _printf_core
    printf1.o(i.__0vprintf$1) refers to device_usart.o(.text) for fputc
    printf1.o(i.__0vprintf$1) refers to stdout.o(.data) for __stdout
    printf1.o(i.__0vsnprintf$1) refers to printf1.o(i._printf_core) for _printf_core
    printf1.o(i.__0vsnprintf$1) refers to printf1.o(i._snputc) for _snputc
    printf1.o(i.__0vsprintf$1) refers to printf1.o(i._printf_core) for _printf_core
    printf1.o(i.__0vsprintf$1) refers to printf1.o(i._sputc) for _sputc
    printf1.o(i._printf_core) refers to uidiv.o(.text) for __aeabi_uidivmod
    printf2.o(i.__0fprintf$2) refers to printf2.o(i._printf_core) for _printf_core
    printf2.o(i.__0fprintf$2) refers to device_usart.o(.text) for fputc
    printf2.o(i.__0printf$2) refers to printf2.o(i._printf_core) for _printf_core
    printf2.o(i.__0printf$2) refers to device_usart.o(.text) for fputc
    printf2.o(i.__0printf$2) refers to stdout.o(.data) for __stdout
    printf2.o(i.__0snprintf$2) refers to printf2.o(i._printf_core) for _printf_core
    printf2.o(i.__0snprintf$2) refers to printf2.o(i._snputc) for _snputc
    printf2.o(i.__0sprintf$2) refers to printf2.o(i._printf_core) for _printf_core
    printf2.o(i.__0sprintf$2) refers to printf2.o(i._sputc) for _sputc
    printf2.o(i.__0vfprintf$2) refers to printf2.o(i._printf_core) for _printf_core
    printf2.o(i.__0vfprintf$2) refers to device_usart.o(.text) for fputc
    printf2.o(i.__0vprintf$2) refers to printf2.o(i._printf_core) for _printf_core
    printf2.o(i.__0vprintf$2) refers to device_usart.o(.text) for fputc
    printf2.o(i.__0vprintf$2) refers to stdout.o(.data) for __stdout
    printf2.o(i.__0vsnprintf$2) refers to printf2.o(i._printf_core) for _printf_core
    printf2.o(i.__0vsnprintf$2) refers to printf2.o(i._snputc) for _snputc
    printf2.o(i.__0vsprintf$2) refers to printf2.o(i._printf_core) for _printf_core
    printf2.o(i.__0vsprintf$2) refers to printf2.o(i._sputc) for _sputc
    printf3.o(i.__0fprintf$3) refers to printf3.o(i._printf_core) for _printf_core
    printf3.o(i.__0fprintf$3) refers to device_usart.o(.text) for fputc
    printf3.o(i.__0printf$3) refers to printf3.o(i._printf_core) for _printf_core
    printf3.o(i.__0printf$3) refers to device_usart.o(.text) for fputc
    printf3.o(i.__0printf$3) refers to stdout.o(.data) for __stdout
    printf3.o(i.__0snprintf$3) refers to printf3.o(i._printf_core) for _printf_core
    printf3.o(i.__0snprintf$3) refers to printf3.o(i._snputc) for _snputc
    printf3.o(i.__0sprintf$3) refers to printf3.o(i._printf_core) for _printf_core
    printf3.o(i.__0sprintf$3) refers to printf3.o(i._sputc) for _sputc
    printf3.o(i.__0vfprintf$3) refers to printf3.o(i._printf_core) for _printf_core
    printf3.o(i.__0vfprintf$3) refers to device_usart.o(.text) for fputc
    printf3.o(i.__0vprintf$3) refers to printf3.o(i._printf_core) for _printf_core
    printf3.o(i.__0vprintf$3) refers to device_usart.o(.text) for fputc
    printf3.o(i.__0vprintf$3) refers to stdout.o(.data) for __stdout
    printf3.o(i.__0vsnprintf$3) refers to printf3.o(i._printf_core) for _printf_core
    printf3.o(i.__0vsnprintf$3) refers to printf3.o(i._snputc) for _snputc
    printf3.o(i.__0vsprintf$3) refers to printf3.o(i._printf_core) for _printf_core
    printf3.o(i.__0vsprintf$3) refers to printf3.o(i._sputc) for _sputc
    printf3.o(i._printf_core) refers to uidiv.o(.text) for __aeabi_uidivmod
    printf4.o(i.__0fprintf$4) refers to printf4.o(i._printf_core) for _printf_core
    printf4.o(i.__0fprintf$4) refers to device_usart.o(.text) for fputc
    printf4.o(i.__0printf$4) refers to printf4.o(i._printf_core) for _printf_core
    printf4.o(i.__0printf$4) refers to device_usart.o(.text) for fputc
    printf4.o(i.__0printf$4) refers to stdout.o(.data) for __stdout
    printf4.o(i.__0snprintf$4) refers to printf4.o(i._printf_core) for _printf_core
    printf4.o(i.__0snprintf$4) refers to printf4.o(i._snputc) for _snputc
    printf4.o(i.__0sprintf$4) refers to printf4.o(i._printf_core) for _printf_core
    printf4.o(i.__0sprintf$4) refers to printf4.o(i._sputc) for _sputc
    printf4.o(i.__0vfprintf$4) refers to printf4.o(i._printf_core) for _printf_core
    printf4.o(i.__0vfprintf$4) refers to device_usart.o(.text) for fputc
    printf4.o(i.__0vprintf$4) refers to printf4.o(i._printf_core) for _printf_core
    printf4.o(i.__0vprintf$4) refers to device_usart.o(.text) for fputc
    printf4.o(i.__0vprintf$4) refers to stdout.o(.data) for __stdout
    printf4.o(i.__0vsnprintf$4) refers to printf4.o(i._printf_core) for _printf_core
    printf4.o(i.__0vsnprintf$4) refers to printf4.o(i._snputc) for _snputc
    printf4.o(i.__0vsprintf$4) refers to printf4.o(i._printf_core) for _printf_core
    printf4.o(i.__0vsprintf$4) refers to printf4.o(i._sputc) for _sputc
    printf4.o(i._printf_core) refers to uldiv.o(.text) for __aeabi_uldivmod
    printf5.o(i.__0fprintf$5) refers to printf5.o(i._printf_core) for _printf_core
    printf5.o(i.__0fprintf$5) refers to device_usart.o(.text) for fputc
    printf5.o(i.__0printf$5) refers to printf5.o(i._printf_core) for _printf_core
    printf5.o(i.__0printf$5) refers to device_usart.o(.text) for fputc
    printf5.o(i.__0printf$5) refers to stdout.o(.data) for __stdout
    printf5.o(i.__0snprintf$5) refers to printf5.o(i._printf_core) for _printf_core
    printf5.o(i.__0snprintf$5) refers to printf5.o(i._snputc) for _snputc
    printf5.o(i.__0sprintf$5) refers to printf5.o(i._printf_core) for _printf_core
    printf5.o(i.__0sprintf$5) refers to printf5.o(i._sputc) for _sputc
    printf5.o(i.__0vfprintf$5) refers to printf5.o(i._printf_core) for _printf_core
    printf5.o(i.__0vfprintf$5) refers to device_usart.o(.text) for fputc
    printf5.o(i.__0vprintf$5) refers to printf5.o(i._printf_core) for _printf_core
    printf5.o(i.__0vprintf$5) refers to device_usart.o(.text) for fputc
    printf5.o(i.__0vprintf$5) refers to stdout.o(.data) for __stdout
    printf5.o(i.__0vsnprintf$5) refers to printf5.o(i._printf_core) for _printf_core
    printf5.o(i.__0vsnprintf$5) refers to printf5.o(i._snputc) for _snputc
    printf5.o(i.__0vsprintf$5) refers to printf5.o(i._printf_core) for _printf_core
    printf5.o(i.__0vsprintf$5) refers to printf5.o(i._sputc) for _sputc
    printf5.o(i._printf_core) refers to uldiv.o(.text) for __aeabi_uldivmod
    printf6.o(i.__0fprintf$6) refers to printf6.o(i._printf_core) for _printf_core
    printf6.o(i.__0fprintf$6) refers to device_usart.o(.text) for fputc
    printf6.o(i.__0printf$6) refers to printf6.o(i._printf_core) for _printf_core
    printf6.o(i.__0printf$6) refers to device_usart.o(.text) for fputc
    printf6.o(i.__0printf$6) refers to stdout.o(.data) for __stdout
    printf6.o(i.__0snprintf$6) refers to printf6.o(i._printf_core) for _printf_core
    printf6.o(i.__0snprintf$6) refers to printf6.o(i._snputc) for _snputc
    printf6.o(i.__0sprintf$6) refers to printf6.o(i._printf_core) for _printf_core
    printf6.o(i.__0sprintf$6) refers to printf6.o(i._sputc) for _sputc
    printf6.o(i.__0vfprintf$6) refers to printf6.o(i._printf_core) for _printf_core
    printf6.o(i.__0vfprintf$6) refers to device_usart.o(.text) for fputc
    printf6.o(i.__0vprintf$6) refers to printf6.o(i._printf_core) for _printf_core
    printf6.o(i.__0vprintf$6) refers to device_usart.o(.text) for fputc
    printf6.o(i.__0vprintf$6) refers to stdout.o(.data) for __stdout
    printf6.o(i.__0vsnprintf$6) refers to printf6.o(i._printf_core) for _printf_core
    printf6.o(i.__0vsnprintf$6) refers to printf6.o(i._snputc) for _snputc
    printf6.o(i.__0vsprintf$6) refers to printf6.o(i._printf_core) for _printf_core
    printf6.o(i.__0vsprintf$6) refers to printf6.o(i._sputc) for _sputc
    printf6.o(i._printf_core) refers to printf6.o(i._printf_pre_padding) for _printf_pre_padding
    printf6.o(i._printf_core) refers to uidiv.o(.text) for __aeabi_uidivmod
    printf6.o(i._printf_core) refers to printf6.o(i._printf_post_padding) for _printf_post_padding
    printf7.o(i.__0fprintf$7) refers to printf7.o(i._printf_core) for _printf_core
    printf7.o(i.__0fprintf$7) refers to device_usart.o(.text) for fputc
    printf7.o(i.__0printf$7) refers to printf7.o(i._printf_core) for _printf_core
    printf7.o(i.__0printf$7) refers to device_usart.o(.text) for fputc
    printf7.o(i.__0printf$7) refers to stdout.o(.data) for __stdout
    printf7.o(i.__0snprintf$7) refers to printf7.o(i._printf_core) for _printf_core
    printf7.o(i.__0snprintf$7) refers to printf7.o(i._snputc) for _snputc
    printf7.o(i.__0sprintf$7) refers to printf7.o(i._printf_core) for _printf_core
    printf7.o(i.__0sprintf$7) refers to printf7.o(i._sputc) for _sputc
    printf7.o(i.__0vfprintf$7) refers to printf7.o(i._printf_core) for _printf_core
    printf7.o(i.__0vfprintf$7) refers to device_usart.o(.text) for fputc
    printf7.o(i.__0vprintf$7) refers to printf7.o(i._printf_core) for _printf_core
    printf7.o(i.__0vprintf$7) refers to device_usart.o(.text) for fputc
    printf7.o(i.__0vprintf$7) refers to stdout.o(.data) for __stdout
    printf7.o(i.__0vsnprintf$7) refers to printf7.o(i._printf_core) for _printf_core
    printf7.o(i.__0vsnprintf$7) refers to printf7.o(i._snputc) for _snputc
    printf7.o(i.__0vsprintf$7) refers to printf7.o(i._printf_core) for _printf_core
    printf7.o(i.__0vsprintf$7) refers to printf7.o(i._sputc) for _sputc
    printf7.o(i._printf_core) refers to printf7.o(i._printf_pre_padding) for _printf_pre_padding
    printf7.o(i._printf_core) refers to uldiv.o(.text) for __aeabi_uldivmod
    printf7.o(i._printf_core) refers to printf7.o(i._printf_post_padding) for _printf_post_padding
    printf8.o(i.__0fprintf$8) refers to printf8.o(i._printf_core) for _printf_core
    printf8.o(i.__0fprintf$8) refers to device_usart.o(.text) for fputc
    printf8.o(i.__0printf$8) refers to printf8.o(i._printf_core) for _printf_core
    printf8.o(i.__0printf$8) refers to device_usart.o(.text) for fputc
    printf8.o(i.__0printf$8) refers to stdout.o(.data) for __stdout
    printf8.o(i.__0snprintf$8) refers to printf8.o(i._printf_core) for _printf_core
    printf8.o(i.__0snprintf$8) refers to printf8.o(i._snputc) for _snputc
    printf8.o(i.__0sprintf$8) refers to printf8.o(i._printf_core) for _printf_core
    printf8.o(i.__0sprintf$8) refers to printf8.o(i._sputc) for _sputc
    printf8.o(i.__0vfprintf$8) refers to printf8.o(i._printf_core) for _printf_core
    printf8.o(i.__0vfprintf$8) refers to device_usart.o(.text) for fputc
    printf8.o(i.__0vprintf$8) refers to printf8.o(i._printf_core) for _printf_core
    printf8.o(i.__0vprintf$8) refers to device_usart.o(.text) for fputc
    printf8.o(i.__0vprintf$8) refers to stdout.o(.data) for __stdout
    printf8.o(i.__0vsnprintf$8) refers to printf8.o(i._printf_core) for _printf_core
    printf8.o(i.__0vsnprintf$8) refers to printf8.o(i._snputc) for _snputc
    printf8.o(i.__0vsprintf$8) refers to printf8.o(i._printf_core) for _printf_core
    printf8.o(i.__0vsprintf$8) refers to printf8.o(i._sputc) for _sputc
    printf8.o(i._printf_core) refers to printf8.o(i._printf_pre_padding) for _printf_pre_padding
    printf8.o(i._printf_core) refers to uldiv.o(.text) for __aeabi_uldivmod
    printf8.o(i._printf_core) refers to printf8.o(i._printf_post_padding) for _printf_post_padding
    printfa.o(i.__0fprintf) refers (Special) to iusefp.o(.text) for __I$use$fp
    printfa.o(i.__0fprintf) refers to printfa.o(i._printf_core) for _printf_core
    printfa.o(i.__0fprintf) refers to device_usart.o(.text) for fputc
    printfa.o(i.__0printf) refers (Special) to iusefp.o(.text) for __I$use$fp
    printfa.o(i.__0printf) refers to printfa.o(i._printf_core) for _printf_core
    printfa.o(i.__0printf) refers to device_usart.o(.text) for fputc
    printfa.o(i.__0printf) refers to stdout.o(.data) for __stdout
    printfa.o(i.__0snprintf) refers (Special) to iusefp.o(.text) for __I$use$fp
    printfa.o(i.__0snprintf) refers to printfa.o(i._printf_core) for _printf_core
    printfa.o(i.__0snprintf) refers to printfa.o(i._snputc) for _snputc
    printfa.o(i.__0sprintf) refers (Special) to iusefp.o(.text) for __I$use$fp
    printfa.o(i.__0sprintf) refers to printfa.o(i._printf_core) for _printf_core
    printfa.o(i.__0sprintf) refers to printfa.o(i._sputc) for _sputc
    printfa.o(i.__0vfprintf) refers (Special) to iusefp.o(.text) for __I$use$fp
    printfa.o(i.__0vfprintf) refers to printfa.o(i._printf_core) for _printf_core
    printfa.o(i.__0vfprintf) refers to device_usart.o(.text) for fputc
    printfa.o(i.__0vprintf) refers (Special) to iusefp.o(.text) for __I$use$fp
    printfa.o(i.__0vprintf) refers to printfa.o(i._printf_core) for _printf_core
    printfa.o(i.__0vprintf) refers to device_usart.o(.text) for fputc
    printfa.o(i.__0vprintf) refers to stdout.o(.data) for __stdout
    printfa.o(i.__0vsnprintf) refers (Special) to iusefp.o(.text) for __I$use$fp
    printfa.o(i.__0vsnprintf) refers to printfa.o(i._printf_core) for _printf_core
    printfa.o(i.__0vsnprintf) refers to printfa.o(i._snputc) for _snputc
    printfa.o(i.__0vsprintf) refers (Special) to iusefp.o(.text) for __I$use$fp
    printfa.o(i.__0vsprintf) refers to printfa.o(i._printf_core) for _printf_core
    printfa.o(i.__0vsprintf) refers to printfa.o(i._sputc) for _sputc
    printfa.o(i._fp_digits) refers (Special) to iusefp.o(.text) for __I$use$fp
    printfa.o(i._fp_digits) refers to dmul.o(.text) for __aeabi_dmul
    printfa.o(i._fp_digits) refers to ddiv.o(.text) for __aeabi_ddiv
    printfa.o(i._fp_digits) refers to cdrcmple.o(.text) for __aeabi_cdrcmple
    printfa.o(i._fp_digits) refers to dadd.o(.text) for __aeabi_dadd
    printfa.o(i._fp_digits) refers to dfixul.o(.text) for __aeabi_d2ulz
    printfa.o(i._fp_digits) refers to uldiv.o(.text) for __aeabi_uldivmod
    printfa.o(i._printf_core) refers (Special) to iusefp.o(.text) for __I$use$fp
    printfa.o(i._printf_core) refers to printfa.o(i._printf_pre_padding) for _printf_pre_padding
    printfa.o(i._printf_core) refers to uldiv.o(.text) for __aeabi_uldivmod
    printfa.o(i._printf_core) refers to printfa.o(i._printf_post_padding) for _printf_post_padding
    printfa.o(i._printf_core) refers to printfa.o(i._fp_digits) for _fp_digits
    printfa.o(i._printf_core) refers to uidiv.o(.text) for __aeabi_uidivmod
    printfa.o(i._printf_post_padding) refers (Special) to iusefp.o(.text) for __I$use$fp
    printfa.o(i._printf_pre_padding) refers (Special) to iusefp.o(.text) for __I$use$fp
    printfa.o(i._snputc) refers (Special) to iusefp.o(.text) for __I$use$fp
    printfa.o(i._sputc) refers (Special) to iusefp.o(.text) for __I$use$fp
    entry2.o(.ARM.Collect$$$$00000001) refers to entry2.o(.ARM.Collect$$$$00002712) for __lit__00000000
    entry2.o(.ARM.Collect$$$$00002712) refers to startup_stm32f10x_md.o(STACK) for __initial_sp
    entry2.o(__vectab_stack_and_reset_area) refers to startup_stm32f10x_md.o(STACK) for __initial_sp
    entry2.o(__vectab_stack_and_reset_area) refers to entry.o(.ARM.Collect$$$$00000000) for __main
    entry5.o(.ARM.Collect$$$$00000004) refers to init.o(.text) for __scatterload
    entry9a.o(.ARM.Collect$$$$0000000B) refers to app.o(.text) for main
    entry9b.o(.ARM.Collect$$$$0000000C) refers to app.o(.text) for main
    uldiv.o(.text) refers to llushr.o(.text) for __aeabi_llsr
    uldiv.o(.text) refers to llshl.o(.text) for __aeabi_llsl
    dadd.o(.text) refers to llshl.o(.text) for __aeabi_llsl
    dadd.o(.text) refers to llsshr.o(.text) for __aeabi_lasr
    dadd.o(.text) refers to depilogue.o(.text) for _double_epilogue
    dmul.o(.text) refers to depilogue.o(.text) for _double_epilogue
    ddiv.o(.text) refers to depilogue.o(.text) for _double_round
    dfixul.o(.text) refers to llushr.o(.text) for __aeabi_llsr
    dfixul.o(.text) refers to llshl.o(.text) for __aeabi_llsl
    init.o(.text) refers to entry5.o(.ARM.Collect$$$$00000004) for __main_after_scatterload
    depilogue.o(.text) refers to llshl.o(.text) for __aeabi_llsl
    depilogue.o(.text) refers to llushr.o(.text) for __aeabi_llsr


==============================================================================

Removing Unused input sections from the image.

    Removing device_key.o(.text), (680 bytes).
    Removing device_key.o(.data), (4 bytes).
    Removing core_cm3.o(.emb_text), (32 bytes).
    Removing startup_stm32f10x_md.o(HEAP), (512 bytes).
    Removing stm32f10x_flash.o(.text), (1468 bytes).
    Removing dadd.o(.text), (334 bytes).
    Removing dmul.o(.text), (228 bytes).
    Removing ddiv.o(.text), (222 bytes).
    Removing dfixul.o(.text), (48 bytes).
    Removing cdrcmple.o(.text), (40 bytes).
    Removing depilogue.o(.text), (190 bytes).

11 unused section(s) (total 3758 bytes) removed from the image.

==============================================================================

Image Symbol Table

    Local Symbols

    Symbol Name                              Value     Ov Type        Size  Object(Section)

    ../clib/../cmprslib/zerorunl2.c          0x00000000   Number         0  __dczerorl2.o ABSOLUTE
    ../clib/microlib/division.c              0x00000000   Number         0  uidiv.o ABSOLUTE
    ../clib/microlib/division.c              0x00000000   Number         0  uldiv.o ABSOLUTE
    ../clib/microlib/init/entry.s            0x00000000   Number         0  entry.o ABSOLUTE
    ../clib/microlib/init/entry.s            0x00000000   Number         0  entry2.o ABSOLUTE
    ../clib/microlib/init/entry.s            0x00000000   Number         0  entry5.o ABSOLUTE
    ../clib/microlib/init/entry.s            0x00000000   Number         0  entry7a.o ABSOLUTE
    ../clib/microlib/init/entry.s            0x00000000   Number         0  entry7b.o ABSOLUTE
    ../clib/microlib/init/entry.s            0x00000000   Number         0  entry8b.o ABSOLUTE
    ../clib/microlib/init/entry.s            0x00000000   Number         0  entry9a.o ABSOLUTE
    ../clib/microlib/init/entry.s            0x00000000   Number         0  entry9b.o ABSOLUTE
    ../clib/microlib/init/entry.s            0x00000000   Number         0  entry8a.o ABSOLUTE
    ../clib/microlib/init/entry.s            0x00000000   Number         0  entry10a.o ABSOLUTE
    ../clib/microlib/init/entry.s            0x00000000   Number         0  entry10b.o ABSOLUTE
    ../clib/microlib/init/entry.s            0x00000000   Number         0  entry11a.o ABSOLUTE
    ../clib/microlib/init/entry.s            0x00000000   Number         0  entry11b.o ABSOLUTE
    ../clib/microlib/longlong.c              0x00000000   Number         0  llsshr.o ABSOLUTE
    ../clib/microlib/longlong.c              0x00000000   Number         0  llshl.o ABSOLUTE
    ../clib/microlib/longlong.c              0x00000000   Number         0  llushr.o ABSOLUTE
    ../clib/microlib/printf/printf.c         0x00000000   Number         0  printf7.o ABSOLUTE
    ../clib/microlib/printf/printf.c         0x00000000   Number         0  printf6.o ABSOLUTE
    ../clib/microlib/printf/printf.c         0x00000000   Number         0  printf5.o ABSOLUTE
    ../clib/microlib/printf/printf.c         0x00000000   Number         0  printf8.o ABSOLUTE
    ../clib/microlib/printf/printf.c         0x00000000   Number         0  printf4.o ABSOLUTE
    ../clib/microlib/printf/printf.c         0x00000000   Number         0  printf3.o ABSOLUTE
    ../clib/microlib/printf/printf.c         0x00000000   Number         0  printf2.o ABSOLUTE
    ../clib/microlib/printf/printf.c         0x00000000   Number         0  printf1.o ABSOLUTE
    ../clib/microlib/printf/printf.c         0x00000000   Number         0  printf0.o ABSOLUTE
    ../clib/microlib/printf/printf.c         0x00000000   Number         0  printfb.o ABSOLUTE
    ../clib/microlib/printf/printf.c         0x00000000   Number         0  printfa.o ABSOLUTE
    ../clib/microlib/stdio/streams.c         0x00000000   Number         0  stdout.o ABSOLUTE
    ../clib/microlib/string/memcpy.c         0x00000000   Number         0  memcpyb.o ABSOLUTE
    ../clib/microlib/string/memcpy.c         0x00000000   Number         0  memcpya.o ABSOLUTE
    ../clib/microlib/stubs.s                 0x00000000   Number         0  iusefp.o ABSOLUTE
    ../fplib/microlib/fpadd.c                0x00000000   Number         0  dadd.o ABSOLUTE
    ../fplib/microlib/fpdiv.c                0x00000000   Number         0  ddiv.o ABSOLUTE
    ../fplib/microlib/fpepilogue.c           0x00000000   Number         0  depilogue.o ABSOLUTE
    ../fplib/microlib/fpfix.c                0x00000000   Number         0  dfixul.o ABSOLUTE
    ../fplib/microlib/fpmul.c                0x00000000   Number         0  dmul.o ABSOLUTE
    ..\SourceFile\App\Proc.c                 0x00000000   Number         0  proc.o ABSOLUTE
    ..\SourceFile\App\Uart.c                 0x00000000   Number         0  uart.o ABSOLUTE
    ..\SourceFile\App\app.c                  0x00000000   Number         0  app.o ABSOLUTE
    ..\SourceFile\System\Device\Drive\CMSIS\STARTUP\startup_stm32f10x_md.s 0x00000000   Number         0  startup_stm32f10x_md.o ABSOLUTE
    ..\SourceFile\System\Device\Drive\CMSIS\core_cm3.c 0x00000000   Number         0  core_cm3.o ABSOLUTE
    ..\SourceFile\System\Device\Drive\CMSIS\system_stm32f10x.c 0x00000000   Number         0  system_stm32f10x.o ABSOLUTE
    ..\SourceFile\System\Device\Drive\LIB\src\misc.c 0x00000000   Number         0  misc.o ABSOLUTE
    ..\SourceFile\System\Device\Drive\LIB\src\stm32f10x_adc.c 0x00000000   Number         0  stm32f10x_adc.o ABSOLUTE
    ..\SourceFile\System\Device\Drive\LIB\src\stm32f10x_flash.c 0x00000000   Number         0  stm32f10x_flash.o ABSOLUTE
    ..\SourceFile\System\Device\Drive\LIB\src\stm32f10x_gpio.c 0x00000000   Number         0  stm32f10x_gpio.o ABSOLUTE
    ..\SourceFile\System\Device\Drive\LIB\src\stm32f10x_rcc.c 0x00000000   Number         0  stm32f10x_rcc.o ABSOLUTE
    ..\SourceFile\System\Device\Drive\LIB\src\stm32f10x_tim.c 0x00000000   Number         0  stm32f10x_tim.o ABSOLUTE
    ..\SourceFile\System\Device\Drive\LIB\src\stm32f10x_usart.c 0x00000000   Number         0  stm32f10x_usart.o ABSOLUTE
    ..\SourceFile\System\Device\Drive\stm32f10x_it.c 0x00000000   Number         0  stm32f10x_it.o ABSOLUTE
    ..\SourceFile\System\Device\device.c     0x00000000   Number         0  device.o ABSOLUTE
    ..\SourceFile\System\Device\device_adc.c 0x00000000   Number         0  device_adc.o ABSOLUTE
    ..\SourceFile\System\Device\device_encoder.c 0x00000000   Number         0  device_encoder.o ABSOLUTE
    ..\SourceFile\System\Device\device_io.c  0x00000000   Number         0  device_io.o ABSOLUTE
    ..\SourceFile\System\Device\device_key.c 0x00000000   Number         0  device_key.o ABSOLUTE
    ..\SourceFile\System\Device\device_rtc.c 0x00000000   Number         0  device_rtc.o ABSOLUTE
    ..\SourceFile\System\Device\device_systick.c 0x00000000   Number         0  device_systick.o ABSOLUTE
    ..\SourceFile\System\Device\device_timer.c 0x00000000   Number         0  device_timer.o ABSOLUTE
    ..\SourceFile\System\Device\device_usart.c 0x00000000   Number         0  device_usart.o ABSOLUTE
    ..\SourceFile\System\system.c            0x00000000   Number         0  system.o ABSOLUTE
    ..\\SourceFile\\System\\Device\\Drive\\CMSIS\\core_cm3.c 0x00000000   Number         0  core_cm3.o ABSOLUTE
    cdrcmple.s                               0x00000000   Number         0  cdrcmple.o ABSOLUTE
    dc.s                                     0x00000000   Number         0  dc.o ABSOLUTE
    handlers.s                               0x00000000   Number         0  handlers.o ABSOLUTE
    init.s                                   0x00000000   Number         0  init.o ABSOLUTE
    RESET                                    0x08000000   Section      236  startup_stm32f10x_md.o(RESET)
    .ARM.Collect$$$$00000000                 0x080000ec   Section        0  entry.o(.ARM.Collect$$$$00000000)
    .ARM.Collect$$$$00000001                 0x080000ec   Section        4  entry2.o(.ARM.Collect$$$$00000001)
    .ARM.Collect$$$$00000004                 0x080000f0   Section        4  entry5.o(.ARM.Collect$$$$00000004)
    .ARM.Collect$$$$00000008                 0x080000f4   Section        0  entry7b.o(.ARM.Collect$$$$00000008)
    .ARM.Collect$$$$0000000A                 0x080000f4   Section        0  entry8b.o(.ARM.Collect$$$$0000000A)
    .ARM.Collect$$$$0000000B                 0x080000f4   Section        8  entry9a.o(.ARM.Collect$$$$0000000B)
    .ARM.Collect$$$$0000000D                 0x080000fc   Section        0  entry10a.o(.ARM.Collect$$$$0000000D)
    .ARM.Collect$$$$0000000F                 0x080000fc   Section        0  entry11a.o(.ARM.Collect$$$$0000000F)
    .ARM.Collect$$$$00002712                 0x080000fc   Section        4  entry2.o(.ARM.Collect$$$$00002712)
    __lit__00000000                          0x080000fc   Data           4  entry2.o(.ARM.Collect$$$$00002712)
    .text                                    0x08000100   Section        0  app.o(.text)
    SystickRoutine                           0x08000225   Thumb Code   374  app.o(.text)
    Usart1RxdFunction                        0x0800039b   Thumb Code    14  app.o(.text)
    Usart3RxdFunction                        0x080003a9   Thumb Code    12  app.o(.text)
    InitializeApp                            0x080003bd   Thumb Code   376  app.o(.text)
    .text                                    0x0800062c   Section        0  uart.o(.text)
    TransmitByte3                            0x0800066f   Thumb Code    14  uart.o(.text)
    .text                                    0x08000bd8   Section        0  proc.o(.text)
    HB_GPIO_Set_Value                        0x08000bd9   Thumb Code    18  proc.o(.text)
    HB_GPIO_Get_Value                        0x08000beb   Thumb Code    14  proc.o(.text)
    .text                                    0x08000ef0   Section        0  system.o(.text)
    Initialize                               0x08000f67   Thumb Code     8  system.o(.text)
    .text                                    0x08000fa4   Section        0  device.o(.text)
    NVIC_SetPriority                         0x08000fa5   Thumb Code    32  device.o(.text)
    .text                                    0x08001018   Section        0  device_rtc.o(.text)
    .text                                    0x080010c4   Section        0  device_timer.o(.text)
    Start                                    0x0800114d   Thumb Code   144  device_timer.o(.text)
    Stop                                     0x080011dd   Thumb Code    60  device_timer.o(.text)
    .text                                    0x08001258   Section        0  device_io.o(.text)
    SetBeep                                  0x08001259   Thumb Code     6  device_io.o(.text)
    Set_Led_Value                            0x0800125f   Thumb Code    14  device_io.o(.text)
    Set_Relay_Value                          0x0800126d   Thumb Code    30  device_io.o(.text)
    Get_State_IO_Value                       0x0800128b   Thumb Code    18  device_io.o(.text)
    HB_Gpio_Set_Value                        0x0800129d   Thumb Code    84  device_io.o(.text)
    HB_Gpio_Get_Value                        0x080012f1   Thumb Code   166  device_io.o(.text)
    Scan_External_Input_Value                0x08001397   Thumb Code   164  device_io.o(.text)
    .text                                    0x080015f0   Section        0  device_adc.o(.text)
    Register                                 0x080015f1   Thumb Code     8  device_adc.o(.text)
    .text                                    0x080016dc   Section        0  device_usart.o(.text)
    Dummy                                    0x080016dd   Thumb Code     2  device_usart.o(.text)
    WriteByteToUsart3                        0x080016df   Thumb Code    92  device_usart.o(.text)
    OpenUsart1                               0x08001899   Thumb Code    24  device_usart.o(.text)
    OpenUsart2                               0x080018b1   Thumb Code    24  device_usart.o(.text)
    OpenUsart3                               0x080018c9   Thumb Code    24  device_usart.o(.text)
    CloseUsart1                              0x080018e1   Thumb Code    24  device_usart.o(.text)
    CloseUsart2                              0x080018f9   Thumb Code    24  device_usart.o(.text)
    CloseUsart3                              0x08001911   Thumb Code    24  device_usart.o(.text)
    Usart1RxdRegister                        0x08001929   Thumb Code     6  device_usart.o(.text)
    Usart2RxdRegister                        0x0800192f   Thumb Code     6  device_usart.o(.text)
    Usart3RxdRegister                        0x08001935   Thumb Code     6  device_usart.o(.text)
    WriteByteToUsart1                        0x0800193b   Thumb Code    92  device_usart.o(.text)
    WriteByteToUsart2                        0x08001997   Thumb Code    92  device_usart.o(.text)
    WriteToUsart1                            0x080019f3   Thumb Code    58  device_usart.o(.text)
    InitializeUsartQueue                     0x08001a2d   Thumb Code    36  device_usart.o(.text)
    InitializeUsart2Queue                    0x08001a51   Thumb Code    36  device_usart.o(.text)
    InitializeUsart3Queue                    0x08001a75   Thumb Code    36  device_usart.o(.text)
    .text                                    0x08001d20   Section        0  device_systick.o(.text)
    Dummy                                    0x08001d21   Thumb Code     2  device_systick.o(.text)
    RegisterSystick                          0x08001d23   Thumb Code   216  device_systick.o(.text)
    .text                                    0x08002020   Section        0  stm32f10x_it.o(.text)
    .text                                    0x08002038   Section        0  system_stm32f10x.o(.text)
    SetSysClockTo72                          0x08002039   Thumb Code   212  system_stm32f10x.o(.text)
    SetSysClock                              0x0800210d   Thumb Code     8  system_stm32f10x.o(.text)
    .text                                    0x08002214   Section       36  startup_stm32f10x_md.o(.text)
    .text                                    0x08002238   Section        0  stm32f10x_usart.o(.text)
    .text                                    0x08002640   Section        0  misc.o(.text)
    .text                                    0x0800271c   Section        0  stm32f10x_gpio.o(.text)
    .text                                    0x08002a74   Section        0  stm32f10x_rcc.o(.text)
    .text                                    0x08002e18   Section        0  stm32f10x_adc.o(.text)
    .text                                    0x08003268   Section        0  stm32f10x_tim.o(.text)
    TI4_Config                               0x0800370f   Thumb Code   130  stm32f10x_tim.o(.text)
    TI3_Config                               0x080037a3   Thumb Code   122  stm32f10x_tim.o(.text)
    TI2_Config                               0x08003837   Thumb Code   130  stm32f10x_tim.o(.text)
    TI1_Config                               0x080038cb   Thumb Code   108  stm32f10x_tim.o(.text)
    .text                                    0x08004084   Section        0  device_encoder.o(.text)
    .text                                    0x080041a0   Section        0  memcpya.o(.text)
    .text                                    0x080041c4   Section       36  init.o(.text)
    .text                                    0x080041e8   Section        0  __dczerorl2.o(.text)
    i.__0printf$bare                         0x08004244   Section        0  printfb.o(i.__0printf$bare)
    i.__scatterload_copy                     0x08004254   Section       14  handlers.o(i.__scatterload_copy)
    i.__scatterload_null                     0x08004262   Section        2  handlers.o(i.__scatterload_null)
    i.__scatterload_zeroinit                 0x08004264   Section       14  handlers.o(i.__scatterload_zeroinit)
    i._printf_core                           0x08004272   Section        0  printfb.o(i._printf_core)
    _printf_core                             0x08004273   Thumb Code    34  printfb.o(i._printf_core)
    .constdata                               0x08004294   Section       16  system.o(.constdata)
    HextoAscii                               0x08004294   Data          16  system.o(.constdata)
    .data                                    0x20000000   Section       12  app.o(.data)
    .data                                    0x2000000c   Section       13  uart.o(.data)
    UART3_RxHead                             0x2000000c   Data           1  uart.o(.data)
    UART3_RxTail                             0x2000000d   Data           1  uart.o(.data)
    .data                                    0x2000001c   Section      112  system.o(.data)
    .data                                    0x2000008c   Section        1  device_rtc.o(.data)
    Counter                                  0x2000008c   Data           1  device_rtc.o(.data)
    .data                                    0x20000090   Section        5  device_timer.o(.data)
    State                                    0x20000090   Data           4  device_timer.o(.data)
    Mode                                     0x20000094   Data           1  device_timer.o(.data)
    .data                                    0x20000098   Section       20  device_adc.o(.data)
    RegisterPointerBlock                     0x20000098   Data          16  device_adc.o(.data)
    Counter                                  0x200000a8   Data           1  device_adc.o(.data)
    NullValue                                0x200000aa   Data           2  device_adc.o(.data)
    .data                                    0x200000ac   Section       12  device_usart.o(.data)
    Usart1RxdRegisterFunction                0x200000ac   Data           4  device_usart.o(.data)
    Usart2RxdRegisterFunction                0x200000b0   Data           4  device_usart.o(.data)
    Usart3RxdRegisterFunction                0x200000b4   Data           4  device_usart.o(.data)
    .data                                    0x200000b8   Section       60  device_systick.o(.data)
    Systick10000RegisterPointerBlock         0x200000b8   Data           8  device_systick.o(.data)
    Systick1000RegisterPointerBlock          0x200000c0   Data          16  device_systick.o(.data)
    Systick100RegisterPointerBlock           0x200000d0   Data          32  device_systick.o(.data)
    Systick100Counter                        0x200000f0   Data           1  device_systick.o(.data)
    Systick1000Counter                       0x200000f1   Data           1  device_systick.o(.data)
    Systick10000Counter                      0x200000f2   Data           1  device_systick.o(.data)
    Counter                                  0x200000f3   Data           1  device_systick.o(.data)
    .data                                    0x200000f4   Section       20  system_stm32f10x.o(.data)
    .data                                    0x20000108   Section       20  stm32f10x_rcc.o(.data)
    APBAHBPrescTable                         0x20000108   Data          16  stm32f10x_rcc.o(.data)
    ADCPrescTable                            0x20000118   Data           4  stm32f10x_rcc.o(.data)
    .data                                    0x2000011c   Section       10  device_encoder.o(.data)
    bSpeed_Buffer_Index                      0x2000011c   Data           1  device_encoder.o(.data)
    bIs_First_Measurement                    0x2000011d   Data           1  device_encoder.o(.data)
    lastCount                                0x2000011e   Data           2  device_encoder.o(.data)
    hPrevious_angle                          0x20000120   Data           2  device_encoder.o(.data)
    hRot_Speed                               0x20000122   Data           2  device_encoder.o(.data)
    hEncoder_Timer_Overflow                  0x20000124   Data           2  device_encoder.o(.data)
    .data                                    0x20000128   Section        4  stdout.o(.data)
    .bss                                     0x2000012c   Section     2672  app.o(.bss)
    .bss                                     0x20000b9c   Section      512  uart.o(.bss)
    UART3_RxBuf                              0x20000b9c   Data         256  uart.o(.bss)
    .bss                                     0x20000d9c   Section       64  device_timer.o(.bss)
    Block                                    0x20000d9c   Data          64  device_timer.o(.bss)
    .bss                                     0x20000ddc   Section     3060  device_usart.o(.bss)
    Usart1TxdBuffer                          0x20000ddc   Data        1000  device_usart.o(.bss)
    Usart2TxdBuffer                          0x200011c4   Data        1000  device_usart.o(.bss)
    Usart3TxdBuffer                          0x200015ac   Data        1000  device_usart.o(.bss)
    Usart1DataQueue                          0x20001994   Data          20  device_usart.o(.bss)
    Usart2DataQueue                          0x200019a8   Data          20  device_usart.o(.bss)
    Usart3DataQueue                          0x200019bc   Data          20  device_usart.o(.bss)
    .bss                                     0x200019d0   Section       16  device_encoder.o(.bss)
    hSpeed_Buffer                            0x200019d0   Data          16  device_encoder.o(.bss)
    STACK                                    0x200019e0   Section     1024  startup_stm32f10x_md.o(STACK)

    Global Symbols

    Symbol Name                              Value     Ov Type        Size  Object(Section)

    BuildAttributes$$THM_ISAv4$P$D$K$B$S$PE$A:L22UL41UL21$X:L11$S22US41US21$IEEE1$IW$USESV6$~STKCKD$USESV7$~SHL$OSPACE$ROPI$EBA8$MICROLIB$REQ8$PRES8$EABIv2 0x00000000   Number         0  anon$$obj.o ABSOLUTE
    __ARM_use_no_argv                        0x00000000   Number         0  app.o ABSOLUTE
    __cpp_initialize__aeabi_                  - Undefined Weak Reference
    __cxa_finalize                            - Undefined Weak Reference
    _clock_init                               - Undefined Weak Reference
    _microlib_exit                            - Undefined Weak Reference
    __Vectors_Size                           0x000000ec   Number         0  startup_stm32f10x_md.o ABSOLUTE
    __Vectors                                0x08000000   Data           4  startup_stm32f10x_md.o(RESET)
    __Vectors_End                            0x080000ec   Data           0  startup_stm32f10x_md.o(RESET)
    __main                                   0x080000ed   Thumb Code     0  entry.o(.ARM.Collect$$$$00000000)
    _main_stk                                0x080000ed   Thumb Code     0  entry2.o(.ARM.Collect$$$$00000001)
    _main_scatterload                        0x080000f1   Thumb Code     0  entry5.o(.ARM.Collect$$$$00000004)
    __main_after_scatterload                 0x080000f5   Thumb Code     0  entry5.o(.ARM.Collect$$$$00000004)
    _main_clock                              0x080000f5   Thumb Code     0  entry7b.o(.ARM.Collect$$$$00000008)
    _main_cpp_init                           0x080000f5   Thumb Code     0  entry8b.o(.ARM.Collect$$$$0000000A)
    _main_init                               0x080000f5   Thumb Code     0  entry9a.o(.ARM.Collect$$$$0000000B)
    __rt_final_cpp                           0x080000fd   Thumb Code     0  entry10a.o(.ARM.Collect$$$$0000000D)
    __rt_final_exit                          0x080000fd   Thumb Code     0  entry11a.o(.ARM.Collect$$$$0000000F)
    HB_Run_Mode                              0x08000101   Thumb Code   138  app.o(.text)
    Cmd_Rep_valid                            0x0800018b   Thumb Code   154  app.o(.text)
    InitializeData                           0x080003b5   Thumb Code     8  app.o(.text)
    ADC_Filter                               0x08000535   Thumb Code    40  app.o(.text)
    ADC_Filter_1                             0x0800055d   Thumb Code   120  app.o(.text)
    main                                     0x080005d5   Thumb Code    66  app.o(.text)
    Usart3RxDataTOApp                        0x0800062d   Thumb Code    26  uart.o(.text)
    ReceiveByte3                             0x08000647   Thumb Code    40  uart.o(.text)
    FlushUart3                               0x0800067d   Thumb Code    10  uart.o(.text)
    Rcv_Cmd                                  0x08000687   Thumb Code   738  uart.o(.text)
    Ready_One_Byte_To_Send                   0x08000969   Thumb Code    62  uart.o(.text)
    HB_Send_ErrorAndWeight                   0x080009a7   Thumb Code   166  uart.o(.text)
    HB_Send_Current_Count                    0x08000a4d   Thumb Code   102  uart.o(.text)
    HB_Send_Last_Count                       0x08000ab3   Thumb Code   102  uart.o(.text)
    HB_Send_Floor                            0x08000b19   Thumb Code   124  uart.o(.text)
    HB_Send_Level_Return                     0x08000b95   Thumb Code    68  uart.o(.text)
    HB_LED_State                             0x08000bf9   Thumb Code   622  proc.o(.text)
    HB_Relay_Cmd                             0x08000e67   Thumb Code    90  proc.o(.text)
    Scan_Input_Value                         0x08000ec1   Thumb Code    38  proc.o(.text)
    Delay                                    0x08000ef1   Thumb Code    12  system.o(.text)
    DelayUs                                  0x08000efd   Thumb Code    22  system.o(.text)
    DelayMs                                  0x08000f13   Thumb Code    24  system.o(.text)
    HexToAscii                               0x08000f2b   Thumb Code    28  system.o(.text)
    PostMessageToLogicTask                   0x08000f47   Thumb Code    32  system.o(.text)
    InitializeDevice                         0x08000fc5   Thumb Code    72  device.o(.text)
    RtcSystick100Routine                     0x08001019   Thumb Code   140  device_rtc.o(.text)
    InitializeRtc                            0x080010a5   Thumb Code    18  device_rtc.o(.text)
    TimerSystick1000Routine                  0x080010c5   Thumb Code   136  device_timer.o(.text)
    InitializeTimer                          0x08001219   Thumb Code    12  device_timer.o(.text)
    InputSystick100Routine                   0x0800143b   Thumb Code    10  device_io.o(.text)
    InitializeIO                             0x08001445   Thumb Code   272  device_io.o(.text)
    AdcSystick10000Routine                   0x080015f9   Thumb Code    56  device_adc.o(.text)
    InitializeAdc                            0x08001631   Thumb Code   146  device_adc.o(.text)
    fputc                                    0x0800173b   Thumb Code    38  device_usart.o(.text)
    USART1_IRQHandler                        0x08001761   Thumb Code    32  device_usart.o(.text)
    USART2_IRQHandler                        0x08001781   Thumb Code    32  device_usart.o(.text)
    USART3_IRQHandler                        0x080017a1   Thumb Code    32  device_usart.o(.text)
    UsartSystick1000Routine                  0x080017c1   Thumb Code    72  device_usart.o(.text)
    Usart2Systick1000Routine                 0x08001809   Thumb Code    72  device_usart.o(.text)
    Usart3Systick1000Routine                 0x08001851   Thumb Code    72  device_usart.o(.text)
    InitializeUsart                          0x08001a99   Thumb Code   212  device_usart.o(.text)
    InitializeUsart2                         0x08001b6d   Thumb Code   178  device_usart.o(.text)
    InitializeUsart3                         0x08001c1f   Thumb Code   182  device_usart.o(.text)
    InitializeSystick                        0x08001dfb   Thumb Code    90  device_systick.o(.text)
    SysTick_Handler                          0x08001e55   Thumb Code   362  device_systick.o(.text)
    NMI_Handler                              0x08002021   Thumb Code     2  stm32f10x_it.o(.text)
    HardFault_Handler                        0x08002023   Thumb Code     4  stm32f10x_it.o(.text)
    MemManage_Handler                        0x08002027   Thumb Code     4  stm32f10x_it.o(.text)
    BusFault_Handler                         0x0800202b   Thumb Code     4  stm32f10x_it.o(.text)
    UsageFault_Handler                       0x0800202f   Thumb Code     4  stm32f10x_it.o(.text)
    SVC_Handler                              0x08002033   Thumb Code     2  stm32f10x_it.o(.text)
    DebugMon_Handler                         0x08002035   Thumb Code     2  stm32f10x_it.o(.text)
    SystemInit                               0x08002115   Thumb Code    78  system_stm32f10x.o(.text)
    SystemCoreClockUpdate                    0x08002163   Thumb Code   142  system_stm32f10x.o(.text)
    Reset_Handler                            0x08002215   Thumb Code     8  startup_stm32f10x_md.o(.text)
    PendSV_Handler                           0x0800222b   Thumb Code     2  startup_stm32f10x_md.o(.text)
    ADC1_2_IRQHandler                        0x0800222f   Thumb Code     0  startup_stm32f10x_md.o(.text)
    CAN1_RX1_IRQHandler                      0x0800222f   Thumb Code     0  startup_stm32f10x_md.o(.text)
    CAN1_SCE_IRQHandler                      0x0800222f   Thumb Code     0  startup_stm32f10x_md.o(.text)
    DMA1_Channel1_IRQHandler                 0x0800222f   Thumb Code     0  startup_stm32f10x_md.o(.text)
    DMA1_Channel2_IRQHandler                 0x0800222f   Thumb Code     0  startup_stm32f10x_md.o(.text)
    DMA1_Channel3_IRQHandler                 0x0800222f   Thumb Code     0  startup_stm32f10x_md.o(.text)
    DMA1_Channel4_IRQHandler                 0x0800222f   Thumb Code     0  startup_stm32f10x_md.o(.text)
    DMA1_Channel5_IRQHandler                 0x0800222f   Thumb Code     0  startup_stm32f10x_md.o(.text)
    DMA1_Channel6_IRQHandler                 0x0800222f   Thumb Code     0  startup_stm32f10x_md.o(.text)
    DMA1_Channel7_IRQHandler                 0x0800222f   Thumb Code     0  startup_stm32f10x_md.o(.text)
    EXTI0_IRQHandler                         0x0800222f   Thumb Code     0  startup_stm32f10x_md.o(.text)
    EXTI15_10_IRQHandler                     0x0800222f   Thumb Code     0  startup_stm32f10x_md.o(.text)
    EXTI1_IRQHandler                         0x0800222f   Thumb Code     0  startup_stm32f10x_md.o(.text)
    EXTI2_IRQHandler                         0x0800222f   Thumb Code     0  startup_stm32f10x_md.o(.text)
    EXTI3_IRQHandler                         0x0800222f   Thumb Code     0  startup_stm32f10x_md.o(.text)
    EXTI4_IRQHandler                         0x0800222f   Thumb Code     0  startup_stm32f10x_md.o(.text)
    EXTI9_5_IRQHandler                       0x0800222f   Thumb Code     0  startup_stm32f10x_md.o(.text)
    FLASH_IRQHandler                         0x0800222f   Thumb Code     0  startup_stm32f10x_md.o(.text)
    I2C1_ER_IRQHandler                       0x0800222f   Thumb Code     0  startup_stm32f10x_md.o(.text)
    I2C1_EV_IRQHandler                       0x0800222f   Thumb Code     0  startup_stm32f10x_md.o(.text)
    I2C2_ER_IRQHandler                       0x0800222f   Thumb Code     0  startup_stm32f10x_md.o(.text)
    I2C2_EV_IRQHandler                       0x0800222f   Thumb Code     0  startup_stm32f10x_md.o(.text)
    PVD_IRQHandler                           0x0800222f   Thumb Code     0  startup_stm32f10x_md.o(.text)
    RCC_IRQHandler                           0x0800222f   Thumb Code     0  startup_stm32f10x_md.o(.text)
    RTCAlarm_IRQHandler                      0x0800222f   Thumb Code     0  startup_stm32f10x_md.o(.text)
    RTC_IRQHandler                           0x0800222f   Thumb Code     0  startup_stm32f10x_md.o(.text)
    SPI1_IRQHandler                          0x0800222f   Thumb Code     0  startup_stm32f10x_md.o(.text)
    SPI2_IRQHandler                          0x0800222f   Thumb Code     0  startup_stm32f10x_md.o(.text)
    TAMPER_IRQHandler                        0x0800222f   Thumb Code     0  startup_stm32f10x_md.o(.text)
    TIM1_BRK_IRQHandler                      0x0800222f   Thumb Code     0  startup_stm32f10x_md.o(.text)
    TIM1_CC_IRQHandler                       0x0800222f   Thumb Code     0  startup_stm32f10x_md.o(.text)
    TIM1_TRG_COM_IRQHandler                  0x0800222f   Thumb Code     0  startup_stm32f10x_md.o(.text)
    TIM1_UP_IRQHandler                       0x0800222f   Thumb Code     0  startup_stm32f10x_md.o(.text)
    TIM2_IRQHandler                          0x0800222f   Thumb Code     0  startup_stm32f10x_md.o(.text)
    TIM3_IRQHandler                          0x0800222f   Thumb Code     0  startup_stm32f10x_md.o(.text)
    TIM4_IRQHandler                          0x0800222f   Thumb Code     0  startup_stm32f10x_md.o(.text)
    USBWakeUp_IRQHandler                     0x0800222f   Thumb Code     0  startup_stm32f10x_md.o(.text)
    USB_HP_CAN1_TX_IRQHandler                0x0800222f   Thumb Code     0  startup_stm32f10x_md.o(.text)
    USB_LP_CAN1_RX0_IRQHandler               0x0800222f   Thumb Code     0  startup_stm32f10x_md.o(.text)
    WWDG_IRQHandler                          0x0800222f   Thumb Code     0  startup_stm32f10x_md.o(.text)
    USART_DeInit                             0x08002239   Thumb Code   134  stm32f10x_usart.o(.text)
    USART_Init                               0x080022bf   Thumb Code   210  stm32f10x_usart.o(.text)
    USART_StructInit                         0x08002391   Thumb Code    24  stm32f10x_usart.o(.text)
    USART_ClockInit                          0x080023a9   Thumb Code    34  stm32f10x_usart.o(.text)
    USART_ClockStructInit                    0x080023cb   Thumb Code    12  stm32f10x_usart.o(.text)
    USART_Cmd                                0x080023d7   Thumb Code    24  stm32f10x_usart.o(.text)
    USART_ITConfig                           0x080023ef   Thumb Code    74  stm32f10x_usart.o(.text)
    USART_DMACmd                             0x08002439   Thumb Code    18  stm32f10x_usart.o(.text)
    USART_SetAddress                         0x0800244b   Thumb Code    18  stm32f10x_usart.o(.text)
    USART_WakeUpConfig                       0x0800245d   Thumb Code    18  stm32f10x_usart.o(.text)
    USART_ReceiverWakeUpCmd                  0x0800246f   Thumb Code    24  stm32f10x_usart.o(.text)
    USART_LINBreakDetectLengthConfig         0x08002487   Thumb Code    18  stm32f10x_usart.o(.text)
    USART_LINCmd                             0x08002499   Thumb Code    24  stm32f10x_usart.o(.text)
    USART_SendData                           0x080024b1   Thumb Code     8  stm32f10x_usart.o(.text)
    USART_ReceiveData                        0x080024b9   Thumb Code    10  stm32f10x_usart.o(.text)
    USART_SendBreak                          0x080024c3   Thumb Code    10  stm32f10x_usart.o(.text)
    USART_SetGuardTime                       0x080024cd   Thumb Code    16  stm32f10x_usart.o(.text)
    USART_SetPrescaler                       0x080024dd   Thumb Code    16  stm32f10x_usart.o(.text)
    USART_SmartCardCmd                       0x080024ed   Thumb Code    24  stm32f10x_usart.o(.text)
    USART_SmartCardNACKCmd                   0x08002505   Thumb Code    24  stm32f10x_usart.o(.text)
    USART_HalfDuplexCmd                      0x0800251d   Thumb Code    24  stm32f10x_usart.o(.text)
    USART_OverSampling8Cmd                   0x08002535   Thumb Code    22  stm32f10x_usart.o(.text)
    USART_OneBitMethodCmd                    0x0800254b   Thumb Code    24  stm32f10x_usart.o(.text)
    USART_IrDAConfig                         0x08002563   Thumb Code    18  stm32f10x_usart.o(.text)
    USART_IrDACmd                            0x08002575   Thumb Code    24  stm32f10x_usart.o(.text)
    USART_GetFlagStatus                      0x0800258d   Thumb Code    26  stm32f10x_usart.o(.text)
    USART_ClearFlag                          0x080025a7   Thumb Code    18  stm32f10x_usart.o(.text)
    USART_GetITStatus                        0x080025b9   Thumb Code    84  stm32f10x_usart.o(.text)
    USART_ClearITPendingBit                  0x0800260d   Thumb Code    52  stm32f10x_usart.o(.text)
    NVIC_PriorityGroupConfig                 0x08002641   Thumb Code    10  misc.o(.text)
    NVIC_Init                                0x0800264b   Thumb Code   102  misc.o(.text)
    NVIC_SetVectorTable                      0x080026b1   Thumb Code    14  misc.o(.text)
    NVIC_SystemLPConfig                      0x080026bf   Thumb Code    34  misc.o(.text)
    SysTick_CLKSourceConfig                  0x080026e1   Thumb Code    40  misc.o(.text)
    GPIO_DeInit                              0x0800271d   Thumb Code   172  stm32f10x_gpio.o(.text)
    GPIO_AFIODeInit                          0x080027c9   Thumb Code    20  stm32f10x_gpio.o(.text)
    GPIO_Init                                0x080027dd   Thumb Code   274  stm32f10x_gpio.o(.text)
    GPIO_StructInit                          0x080028ef   Thumb Code    16  stm32f10x_gpio.o(.text)
    GPIO_ReadInputDataBit                    0x080028ff   Thumb Code    18  stm32f10x_gpio.o(.text)
    GPIO_ReadInputData                       0x08002911   Thumb Code     8  stm32f10x_gpio.o(.text)
    GPIO_ReadOutputDataBit                   0x08002919   Thumb Code    18  stm32f10x_gpio.o(.text)
    GPIO_ReadOutputData                      0x0800292b   Thumb Code     8  stm32f10x_gpio.o(.text)
    GPIO_SetBits                             0x08002933   Thumb Code     4  stm32f10x_gpio.o(.text)
    GPIO_ResetBits                           0x08002937   Thumb Code     4  stm32f10x_gpio.o(.text)
    GPIO_WriteBit                            0x0800293b   Thumb Code    10  stm32f10x_gpio.o(.text)
    GPIO_Write                               0x08002945   Thumb Code     4  stm32f10x_gpio.o(.text)
    GPIO_PinLockConfig                       0x08002949   Thumb Code    18  stm32f10x_gpio.o(.text)
    GPIO_EventOutputConfig                   0x0800295b   Thumb Code    26  stm32f10x_gpio.o(.text)
    GPIO_EventOutputCmd                      0x08002975   Thumb Code     6  stm32f10x_gpio.o(.text)
    GPIO_PinRemapConfig                      0x0800297b   Thumb Code   138  stm32f10x_gpio.o(.text)
    GPIO_EXTILineConfig                      0x08002a05   Thumb Code    66  stm32f10x_gpio.o(.text)
    GPIO_ETH_MediaInterfaceConfig            0x08002a47   Thumb Code     6  stm32f10x_gpio.o(.text)
    RCC_DeInit                               0x08002a75   Thumb Code    64  stm32f10x_rcc.o(.text)
    RCC_HSEConfig                            0x08002ab5   Thumb Code    70  stm32f10x_rcc.o(.text)
    RCC_GetFlagStatus                        0x08002afb   Thumb Code    56  stm32f10x_rcc.o(.text)
    RCC_WaitForHSEStartUp                    0x08002b33   Thumb Code    56  stm32f10x_rcc.o(.text)
    RCC_AdjustHSICalibrationValue            0x08002b6b   Thumb Code    20  stm32f10x_rcc.o(.text)
    RCC_HSICmd                               0x08002b7f   Thumb Code     6  stm32f10x_rcc.o(.text)
    RCC_PLLConfig                            0x08002b85   Thumb Code    24  stm32f10x_rcc.o(.text)
    RCC_PLLCmd                               0x08002b9d   Thumb Code     6  stm32f10x_rcc.o(.text)
    RCC_SYSCLKConfig                         0x08002ba3   Thumb Code    18  stm32f10x_rcc.o(.text)
    RCC_GetSYSCLKSource                      0x08002bb5   Thumb Code    10  stm32f10x_rcc.o(.text)
    RCC_HCLKConfig                           0x08002bbf   Thumb Code    18  stm32f10x_rcc.o(.text)
    RCC_PCLK1Config                          0x08002bd1   Thumb Code    18  stm32f10x_rcc.o(.text)
    RCC_PCLK2Config                          0x08002be3   Thumb Code    20  stm32f10x_rcc.o(.text)
    RCC_ITConfig                             0x08002bf7   Thumb Code    26  stm32f10x_rcc.o(.text)
    RCC_USBCLKConfig                         0x08002c11   Thumb Code     6  stm32f10x_rcc.o(.text)
    RCC_ADCCLKConfig                         0x08002c17   Thumb Code    18  stm32f10x_rcc.o(.text)
    RCC_LSEConfig                            0x08002c29   Thumb Code    44  stm32f10x_rcc.o(.text)
    RCC_LSICmd                               0x08002c55   Thumb Code     6  stm32f10x_rcc.o(.text)
    RCC_RTCCLKConfig                         0x08002c5b   Thumb Code    12  stm32f10x_rcc.o(.text)
    RCC_RTCCLKCmd                            0x08002c67   Thumb Code     8  stm32f10x_rcc.o(.text)
    RCC_GetClocksFreq                        0x08002c6f   Thumb Code   192  stm32f10x_rcc.o(.text)
    RCC_AHBPeriphClockCmd                    0x08002d2f   Thumb Code    26  stm32f10x_rcc.o(.text)
    RCC_APB2PeriphClockCmd                   0x08002d49   Thumb Code    26  stm32f10x_rcc.o(.text)
    RCC_APB1PeriphClockCmd                   0x08002d63   Thumb Code    26  stm32f10x_rcc.o(.text)
    RCC_APB2PeriphResetCmd                   0x08002d7d   Thumb Code    26  stm32f10x_rcc.o(.text)
    RCC_APB1PeriphResetCmd                   0x08002d97   Thumb Code    26  stm32f10x_rcc.o(.text)
    RCC_BackupResetCmd                       0x08002db1   Thumb Code     8  stm32f10x_rcc.o(.text)
    RCC_ClockSecuritySystemCmd               0x08002db9   Thumb Code     6  stm32f10x_rcc.o(.text)
    RCC_MCOConfig                            0x08002dbf   Thumb Code     6  stm32f10x_rcc.o(.text)
    RCC_ClearFlag                            0x08002dc5   Thumb Code    14  stm32f10x_rcc.o(.text)
    RCC_GetITStatus                          0x08002dd3   Thumb Code    20  stm32f10x_rcc.o(.text)
    RCC_ClearITPendingBit                    0x08002de7   Thumb Code     6  stm32f10x_rcc.o(.text)
    ADC_DeInit                               0x08002e19   Thumb Code    78  stm32f10x_adc.o(.text)
    ADC_Init                                 0x08002e67   Thumb Code    70  stm32f10x_adc.o(.text)
    ADC_StructInit                           0x08002ead   Thumb Code    18  stm32f10x_adc.o(.text)
    ADC_Cmd                                  0x08002ebf   Thumb Code    22  stm32f10x_adc.o(.text)
    ADC_DMACmd                               0x08002ed5   Thumb Code    22  stm32f10x_adc.o(.text)
    ADC_ITConfig                             0x08002eeb   Thumb Code    24  stm32f10x_adc.o(.text)
    ADC_ResetCalibration                     0x08002f03   Thumb Code    10  stm32f10x_adc.o(.text)
    ADC_GetResetCalibrationStatus            0x08002f0d   Thumb Code    20  stm32f10x_adc.o(.text)
    ADC_StartCalibration                     0x08002f21   Thumb Code    10  stm32f10x_adc.o(.text)
    ADC_GetCalibrationStatus                 0x08002f2b   Thumb Code    20  stm32f10x_adc.o(.text)
    ADC_SoftwareStartConvCmd                 0x08002f3f   Thumb Code    22  stm32f10x_adc.o(.text)
    ADC_GetSoftwareStartConvStatus           0x08002f55   Thumb Code    20  stm32f10x_adc.o(.text)
    ADC_DiscModeChannelCountConfig           0x08002f69   Thumb Code    24  stm32f10x_adc.o(.text)
    ADC_DiscModeCmd                          0x08002f81   Thumb Code    22  stm32f10x_adc.o(.text)
    ADC_RegularChannelConfig                 0x08002f97   Thumb Code   184  stm32f10x_adc.o(.text)
    ADC_ExternalTrigConvCmd                  0x0800304f   Thumb Code    22  stm32f10x_adc.o(.text)
    ADC_GetConversionValue                   0x08003065   Thumb Code     8  stm32f10x_adc.o(.text)
    ADC_GetDualModeConversionValue           0x0800306d   Thumb Code     8  stm32f10x_adc.o(.text)
    ADC_AutoInjectedConvCmd                  0x08003075   Thumb Code    22  stm32f10x_adc.o(.text)
    ADC_InjectedDiscModeCmd                  0x0800308b   Thumb Code    22  stm32f10x_adc.o(.text)
    ADC_ExternalTrigInjectedConvConfig       0x080030a1   Thumb Code    16  stm32f10x_adc.o(.text)
    ADC_ExternalTrigInjectedConvCmd          0x080030b1   Thumb Code    22  stm32f10x_adc.o(.text)
    ADC_SoftwareStartInjectedConvCmd         0x080030c7   Thumb Code    22  stm32f10x_adc.o(.text)
    ADC_GetSoftwareStartInjectedConvCmdStatus 0x080030dd   Thumb Code    20  stm32f10x_adc.o(.text)
    ADC_InjectedChannelConfig                0x080030f1   Thumb Code   130  stm32f10x_adc.o(.text)
    ADC_InjectedSequencerLengthConfig        0x08003173   Thumb Code    24  stm32f10x_adc.o(.text)
    ADC_SetInjectedOffset                    0x0800318b   Thumb Code    20  stm32f10x_adc.o(.text)
    ADC_GetInjectedConversionValue           0x0800319f   Thumb Code    28  stm32f10x_adc.o(.text)
    ADC_AnalogWatchdogCmd                    0x080031bb   Thumb Code    16  stm32f10x_adc.o(.text)
    ADC_AnalogWatchdogThresholdsConfig       0x080031cb   Thumb Code     6  stm32f10x_adc.o(.text)
    ADC_AnalogWatchdogSingleChannelConfig    0x080031d1   Thumb Code    16  stm32f10x_adc.o(.text)
    ADC_TempSensorVrefintCmd                 0x080031e1   Thumb Code    64  stm32f10x_adc.o(.text)
    ADC_GetFlagStatus                        0x08003221   Thumb Code    18  stm32f10x_adc.o(.text)
    ADC_ClearFlag                            0x08003233   Thumb Code     6  stm32f10x_adc.o(.text)
    ADC_GetITStatus                          0x08003239   Thumb Code    36  stm32f10x_adc.o(.text)
    ADC_ClearITPendingBit                    0x0800325d   Thumb Code    10  stm32f10x_adc.o(.text)
    TIM_DeInit                               0x08003269   Thumb Code   424  stm32f10x_tim.o(.text)
    TIM_TimeBaseInit                         0x08003411   Thumb Code   122  stm32f10x_tim.o(.text)
    TIM_OC1Init                              0x0800348b   Thumb Code   132  stm32f10x_tim.o(.text)
    TIM_OC2Init                              0x0800350f   Thumb Code   154  stm32f10x_tim.o(.text)
    TIM_OC3Init                              0x080035a9   Thumb Code   150  stm32f10x_tim.o(.text)
    TIM_OC4Init                              0x0800363f   Thumb Code   182  stm32f10x_tim.o(.text)
    TIM_SetIC4Prescaler                      0x080036f5   Thumb Code    26  stm32f10x_tim.o(.text)
    TIM_SetIC3Prescaler                      0x08003791   Thumb Code    18  stm32f10x_tim.o(.text)
    TIM_SetIC2Prescaler                      0x0800381d   Thumb Code    26  stm32f10x_tim.o(.text)
    TIM_SetIC1Prescaler                      0x080038b9   Thumb Code    18  stm32f10x_tim.o(.text)
    TIM_ICInit                               0x08003937   Thumb Code   150  stm32f10x_tim.o(.text)
    TIM_PWMIConfig                           0x080039cd   Thumb Code   124  stm32f10x_tim.o(.text)
    TIM_BDTRConfig                           0x08003a49   Thumb Code    32  stm32f10x_tim.o(.text)
    TIM_TimeBaseStructInit                   0x08003a69   Thumb Code    18  stm32f10x_tim.o(.text)
    TIM_OCStructInit                         0x08003a7b   Thumb Code    20  stm32f10x_tim.o(.text)
    TIM_ICStructInit                         0x08003a8f   Thumb Code    18  stm32f10x_tim.o(.text)
    TIM_BDTRStructInit                       0x08003aa1   Thumb Code    40  stm32f10x_tim.o(.text)
    TIM_Cmd                                  0x08003ac9   Thumb Code    24  stm32f10x_tim.o(.text)
    TIM_CtrlPWMOutputs                       0x08003ae1   Thumb Code    30  stm32f10x_tim.o(.text)
    TIM_ITConfig                             0x08003aff   Thumb Code    18  stm32f10x_tim.o(.text)
    TIM_GenerateEvent                        0x08003b11   Thumb Code     4  stm32f10x_tim.o(.text)
    TIM_DMAConfig                            0x08003b15   Thumb Code    10  stm32f10x_tim.o(.text)
    TIM_DMACmd                               0x08003b1f   Thumb Code    18  stm32f10x_tim.o(.text)
    TIM_InternalClockConfig                  0x08003b31   Thumb Code    12  stm32f10x_tim.o(.text)
    TIM_SelectInputTrigger                   0x08003b3d   Thumb Code    18  stm32f10x_tim.o(.text)
    TIM_ITRxExternalClockConfig              0x08003b4f   Thumb Code    24  stm32f10x_tim.o(.text)
    TIM_TIxExternalClockConfig               0x08003b67   Thumb Code    62  stm32f10x_tim.o(.text)
    TIM_ETRConfig                            0x08003ba5   Thumb Code    28  stm32f10x_tim.o(.text)
    TIM_ETRClockMode1Config                  0x08003bc1   Thumb Code    54  stm32f10x_tim.o(.text)
    TIM_ETRClockMode2Config                  0x08003bf7   Thumb Code    32  stm32f10x_tim.o(.text)
    TIM_PrescalerConfig                      0x08003c17   Thumb Code     6  stm32f10x_tim.o(.text)
    TIM_CounterModeConfig                    0x08003c1d   Thumb Code    18  stm32f10x_tim.o(.text)
    TIM_EncoderInterfaceConfig               0x08003c2f   Thumb Code    66  stm32f10x_tim.o(.text)
    TIM_ForcedOC1Config                      0x08003c71   Thumb Code    18  stm32f10x_tim.o(.text)
    TIM_ForcedOC2Config                      0x08003c83   Thumb Code    26  stm32f10x_tim.o(.text)
    TIM_ForcedOC3Config                      0x08003c9d   Thumb Code    18  stm32f10x_tim.o(.text)
    TIM_ForcedOC4Config                      0x08003caf   Thumb Code    26  stm32f10x_tim.o(.text)
    TIM_ARRPreloadConfig                     0x08003cc9   Thumb Code    24  stm32f10x_tim.o(.text)
    TIM_SelectCOM                            0x08003ce1   Thumb Code    24  stm32f10x_tim.o(.text)
    TIM_SelectCCDMA                          0x08003cf9   Thumb Code    24  stm32f10x_tim.o(.text)
    TIM_CCPreloadControl                     0x08003d11   Thumb Code    24  stm32f10x_tim.o(.text)
    TIM_OC1PreloadConfig                     0x08003d29   Thumb Code    18  stm32f10x_tim.o(.text)
    TIM_OC2PreloadConfig                     0x08003d3b   Thumb Code    26  stm32f10x_tim.o(.text)
    TIM_OC3PreloadConfig                     0x08003d55   Thumb Code    18  stm32f10x_tim.o(.text)
    TIM_OC4PreloadConfig                     0x08003d67   Thumb Code    26  stm32f10x_tim.o(.text)
    TIM_OC1FastConfig                        0x08003d81   Thumb Code    18  stm32f10x_tim.o(.text)
    TIM_OC2FastConfig                        0x08003d93   Thumb Code    26  stm32f10x_tim.o(.text)
    TIM_OC3FastConfig                        0x08003dad   Thumb Code    18  stm32f10x_tim.o(.text)
    TIM_OC4FastConfig                        0x08003dbf   Thumb Code    26  stm32f10x_tim.o(.text)
    TIM_ClearOC1Ref                          0x08003dd9   Thumb Code    18  stm32f10x_tim.o(.text)
    TIM_ClearOC2Ref                          0x08003deb   Thumb Code    24  stm32f10x_tim.o(.text)
    TIM_ClearOC3Ref                          0x08003e03   Thumb Code    18  stm32f10x_tim.o(.text)
    TIM_ClearOC4Ref                          0x08003e15   Thumb Code    24  stm32f10x_tim.o(.text)
    TIM_OC1PolarityConfig                    0x08003e2d   Thumb Code    18  stm32f10x_tim.o(.text)
    TIM_OC1NPolarityConfig                   0x08003e3f   Thumb Code    18  stm32f10x_tim.o(.text)
    TIM_OC2PolarityConfig                    0x08003e51   Thumb Code    26  stm32f10x_tim.o(.text)
    TIM_OC2NPolarityConfig                   0x08003e6b   Thumb Code    26  stm32f10x_tim.o(.text)
    TIM_OC3PolarityConfig                    0x08003e85   Thumb Code    26  stm32f10x_tim.o(.text)
    TIM_OC3NPolarityConfig                   0x08003e9f   Thumb Code    26  stm32f10x_tim.o(.text)
    TIM_OC4PolarityConfig                    0x08003eb9   Thumb Code    26  stm32f10x_tim.o(.text)
    TIM_CCxCmd                               0x08003ed3   Thumb Code    30  stm32f10x_tim.o(.text)
    TIM_CCxNCmd                              0x08003ef1   Thumb Code    30  stm32f10x_tim.o(.text)
    TIM_SelectOCxM                           0x08003f0f   Thumb Code    82  stm32f10x_tim.o(.text)
    TIM_UpdateDisableConfig                  0x08003f61   Thumb Code    24  stm32f10x_tim.o(.text)
    TIM_UpdateRequestConfig                  0x08003f79   Thumb Code    24  stm32f10x_tim.o(.text)
    TIM_SelectHallSensor                     0x08003f91   Thumb Code    24  stm32f10x_tim.o(.text)
    TIM_SelectOnePulseMode                   0x08003fa9   Thumb Code    18  stm32f10x_tim.o(.text)
    TIM_SelectOutputTrigger                  0x08003fbb   Thumb Code    18  stm32f10x_tim.o(.text)
    TIM_SelectSlaveMode                      0x08003fcd   Thumb Code    18  stm32f10x_tim.o(.text)
    TIM_SelectMasterSlaveMode                0x08003fdf   Thumb Code    18  stm32f10x_tim.o(.text)
    TIM_SetCounter                           0x08003ff1   Thumb Code     4  stm32f10x_tim.o(.text)
    TIM_SetAutoreload                        0x08003ff5   Thumb Code     4  stm32f10x_tim.o(.text)
    TIM_SetCompare1                          0x08003ff9   Thumb Code     4  stm32f10x_tim.o(.text)
    TIM_SetCompare2                          0x08003ffd   Thumb Code     4  stm32f10x_tim.o(.text)
    TIM_SetCompare3                          0x08004001   Thumb Code     4  stm32f10x_tim.o(.text)
    TIM_SetCompare4                          0x08004005   Thumb Code     6  stm32f10x_tim.o(.text)
    TIM_SetClockDivision                     0x0800400b   Thumb Code    18  stm32f10x_tim.o(.text)
    TIM_GetCapture1                          0x0800401d   Thumb Code     6  stm32f10x_tim.o(.text)
    TIM_GetCapture2                          0x08004023   Thumb Code     6  stm32f10x_tim.o(.text)
    TIM_GetCapture3                          0x08004029   Thumb Code     6  stm32f10x_tim.o(.text)
    TIM_GetCapture4                          0x0800402f   Thumb Code     8  stm32f10x_tim.o(.text)
    TIM_GetCounter                           0x08004037   Thumb Code     6  stm32f10x_tim.o(.text)
    TIM_GetPrescaler                         0x0800403d   Thumb Code     6  stm32f10x_tim.o(.text)
    TIM_GetFlagStatus                        0x08004043   Thumb Code    18  stm32f10x_tim.o(.text)
    TIM_ClearFlag                            0x08004055   Thumb Code     6  stm32f10x_tim.o(.text)
    TIM_GetITStatus                          0x0800405b   Thumb Code    34  stm32f10x_tim.o(.text)
    TIM_ClearITPendingBit                    0x0800407d   Thumb Code     6  stm32f10x_tim.o(.text)
    ENC_Clear_Speed_Buffer                   0x08004085   Thumb Code    26  device_encoder.o(.text)
    Enc_GetCount                             0x0800409f   Thumb Code    44  device_encoder.o(.text)
    EncoderSystick1000Routine                0x080040cb   Thumb Code     2  device_encoder.o(.text)
    InitializeEncoder                        0x080040cd   Thumb Code   182  device_encoder.o(.text)
    __aeabi_memcpy                           0x080041a1   Thumb Code    36  memcpya.o(.text)
    __aeabi_memcpy4                          0x080041a1   Thumb Code     0  memcpya.o(.text)
    __aeabi_memcpy8                          0x080041a1   Thumb Code     0  memcpya.o(.text)
    __scatterload                            0x080041c5   Thumb Code    28  init.o(.text)
    __scatterload_rt2                        0x080041c5   Thumb Code     0  init.o(.text)
    __decompress                             0x080041e9   Thumb Code     0  __dczerorl2.o(.text)
    __decompress1                            0x080041e9   Thumb Code    92  __dczerorl2.o(.text)
    __0printf$bare                           0x08004245   Thumb Code     8  printfb.o(i.__0printf$bare)
    __1printf$bare                           0x08004245   Thumb Code     0  printfb.o(i.__0printf$bare)
    __2printf                                0x08004245   Thumb Code     0  printfb.o(i.__0printf$bare)
    __scatterload_copy                       0x08004255   Thumb Code    14  handlers.o(i.__scatterload_copy)
    __scatterload_null                       0x08004263   Thumb Code     2  handlers.o(i.__scatterload_null)
    __scatterload_zeroinit                   0x08004265   Thumb Code    14  handlers.o(i.__scatterload_zeroinit)
    Region$$Table$$Base                      0x080042a4   Number         0  anon$$obj.o(Region$$Table)
    Region$$Table$$Limit                     0x080042c4   Number         0  anon$$obj.o(Region$$Table)
    fram_len                                 0x20000000   Data           1  app.o(.data)
    RT_Send_Flag                             0x20000001   Data           1  app.o(.data)
    HB_Run_Flag                              0x20000002   Data           1  app.o(.data)
    HB_Run_Floor                             0x20000003   Data           1  app.o(.data)
    HB_Level_Flag                            0x20000004   Data           1  app.o(.data)
    Floor_CurrentCount                       0x20000008   Data           4  app.o(.data)
    rmote_head_index                         0x20000010   Data           4  uart.o(.data)
    rmote_rep_index                          0x20000014   Data           4  uart.o(.data)
    is_find_head                             0x20000018   Data           1  uart.o(.data)
    CriticalNesting                          0x2000001c   Data           2  system.o(.data)
    LogicTaskMessageQueuePointer             0x20000020   Data           4  system.o(.data)
    System                                   0x20000024   Data         104  system.o(.data)
    SystemCoreClock                          0x200000f4   Data           4  system_stm32f10x.o(.data)
    AHBPrescTable                            0x200000f8   Data          16  system_stm32f10x.o(.data)
    __stdout                                 0x20000128   Data           4  stdout.o(.data)
    LogicTaskStack                           0x2000012c   Data        1600  app.o(.bss)
    MenuTaskStack                            0x2000076c   Data         400  app.o(.bss)
    LogicTaskMessageQueue                    0x200008fc   Data         160  app.o(.bss)
    App                                      0x2000099c   Data          80  app.o(.bss)
    fram_data_buff                           0x200009ec   Data          32  app.o(.bss)
    floor_tmp                                0x20000a0c   Data         400  app.o(.bss)
    rmote_buff                               0x20000c9c   Data         256  uart.o(.bss)
    __initial_sp                             0x20001de0   Data           0  startup_stm32f10x_md.o(STACK)



==============================================================================

Memory Map of the image

  Image Entry point : 0x080000ed

  Load Region LR_IROM1 (Base: 0x08000000, Size: 0x000043f0, Max: 0x00010000, ABSOLUTE, COMPRESSED[0x000042fc])

    Execution Region ER_IROM1 (Base: 0x08000000, Size: 0x000042c4, Max: 0x00010000, ABSOLUTE)

    Base Addr    Size         Type   Attr      Idx    E Section Name        Object

    0x08000000   0x000000ec   Data   RO          416    RESET               startup_stm32f10x_md.o
    0x080000ec   0x00000000   Code   RO          549  * .ARM.Collect$$$$00000000  mc_w.l(entry.o)
    0x080000ec   0x00000004   Code   RO          816    .ARM.Collect$$$$00000001  mc_w.l(entry2.o)
    0x080000f0   0x00000004   Code   RO          819    .ARM.Collect$$$$00000004  mc_w.l(entry5.o)
    0x080000f4   0x00000000   Code   RO          821    .ARM.Collect$$$$00000008  mc_w.l(entry7b.o)
    0x080000f4   0x00000000   Code   RO          823    .ARM.Collect$$$$0000000A  mc_w.l(entry8b.o)
    0x080000f4   0x00000008   Code   RO          824    .ARM.Collect$$$$0000000B  mc_w.l(entry9a.o)
    0x080000fc   0x00000000   Code   RO          826    .ARM.Collect$$$$0000000D  mc_w.l(entry10a.o)
    0x080000fc   0x00000000   Code   RO          828    .ARM.Collect$$$$0000000F  mc_w.l(entry11a.o)
    0x080000fc   0x00000004   Code   RO          817    .ARM.Collect$$$$00002712  mc_w.l(entry2.o)
    0x08000100   0x0000052c   Code   RO            1    .text               app.o
    0x0800062c   0x000005ac   Code   RO           95    .text               uart.o
    0x08000bd8   0x00000318   Code   RO          115    .text               proc.o
    0x08000ef0   0x000000b4   Code   RO          127    .text               system.o
    0x08000fa4   0x00000074   Code   RO          155    .text               device.o
    0x08001018   0x000000ac   Code   RO          229    .text               device_rtc.o
    0x080010c4   0x00000194   Code   RO          242    .text               device_timer.o
    0x08001258   0x00000398   Code   RO          285    .text               device_io.o
    0x080015f0   0x000000ec   Code   RO          297    .text               device_adc.o
    0x080016dc   0x00000644   Code   RO          311    .text               device_usart.o
    0x08001d20   0x00000300   Code   RO          326    .text               device_systick.o
    0x08002020   0x00000016   Code   RO          344    .text               stm32f10x_it.o
    0x08002036   0x00000002   PAD
    0x08002038   0x000001dc   Code   RO          383    .text               system_stm32f10x.o
    0x08002214   0x00000024   Code   RO          417    .text               startup_stm32f10x_md.o
    0x08002238   0x00000408   Code   RO          421    .text               stm32f10x_usart.o
    0x08002640   0x000000dc   Code   RO          445    .text               misc.o
    0x0800271c   0x00000358   Code   RO          460    .text               stm32f10x_gpio.o
    0x08002a74   0x000003a4   Code   RO          472    .text               stm32f10x_rcc.o
    0x08002e18   0x0000044e   Code   RO          504    .text               stm32f10x_adc.o
    0x08003266   0x00000002   PAD
    0x08003268   0x00000e1a   Code   RO          519    .text               stm32f10x_tim.o
    0x08004082   0x00000002   PAD
    0x08004084   0x0000011c   Code   RO          534    .text               device_encoder.o
    0x080041a0   0x00000024   Code   RO          552    .text               mc_w.l(memcpya.o)
    0x080041c4   0x00000024   Code   RO          846    .text               mc_w.l(init.o)
    0x080041e8   0x0000005c   Code   RO          864    .text               mc_w.l(__dczerorl2.o)
    0x08004244   0x00000010   Code   RO          557    i.__0printf$bare    mc_w.l(printfb.o)
    0x08004254   0x0000000e   Code   RO          858    i.__scatterload_copy  mc_w.l(handlers.o)
    0x08004262   0x00000002   Code   RO          859    i.__scatterload_null  mc_w.l(handlers.o)
    0x08004264   0x0000000e   Code   RO          860    i.__scatterload_zeroinit  mc_w.l(handlers.o)
    0x08004272   0x00000022   Code   RO          564    i._printf_core      mc_w.l(printfb.o)
    0x08004294   0x00000010   Data   RO          128    .constdata          system.o
    0x080042a4   0x00000020   Data   RO          856    Region$$Table       anon$$obj.o


    Execution Region RW_IRAM1 (Base: 0x20000000, Size: 0x00001de0, Max: 0x00005000, ABSOLUTE, COMPRESSED[0x00000038])

    Base Addr    Size         Type   Attr      Idx    E Section Name        Object

    0x20000000   0x0000000c   Data   RW            3    .data               app.o
    0x2000000c   0x0000000d   Data   RW           97    .data               uart.o
    0x20000019   0x00000003   PAD
    0x2000001c   0x00000070   Data   RW          129    .data               system.o
    0x2000008c   0x00000001   Data   RW          230    .data               device_rtc.o
    0x2000008d   0x00000003   PAD
    0x20000090   0x00000005   Data   RW          244    .data               device_timer.o
    0x20000095   0x00000003   PAD
    0x20000098   0x00000014   Data   RW          298    .data               device_adc.o
    0x200000ac   0x0000000c   Data   RW          313    .data               device_usart.o
    0x200000b8   0x0000003c   Data   RW          327    .data               device_systick.o
    0x200000f4   0x00000014   Data   RW          384    .data               system_stm32f10x.o
    0x20000108   0x00000014   Data   RW          473    .data               stm32f10x_rcc.o
    0x2000011c   0x0000000a   Data   RW          536    .data               device_encoder.o
    0x20000126   0x00000002   PAD
    0x20000128   0x00000004   Data   RW          830    .data               mc_w.l(stdout.o)
    0x2000012c   0x00000a70   Zero   RW            2    .bss                app.o
    0x20000b9c   0x00000200   Zero   RW           96    .bss                uart.o
    0x20000d9c   0x00000040   Zero   RW          243    .bss                device_timer.o
    0x20000ddc   0x00000bf4   Zero   RW          312    .bss                device_usart.o
    0x200019d0   0x00000010   Zero   RW          535    .bss                device_encoder.o
    0x200019e0   0x00000400   Zero   RW          414    STACK               startup_stm32f10x_md.o


==============================================================================

Image component sizes


      Code (inc. data)   RO Data    RW Data    ZI Data      Debug   Object Name

      1324         62          0         12       2672      33192   app.o
         0          0          0          0          0         32   core_cm3.o
       116         12          0          0          0     233049   device.o
       236         26          0         20          0       1391   device_adc.o
       284         30          0         10         16       2046   device_encoder.o
       920        182          0          0          0       2186   device_io.o
       172         14          0          1          0        585   device_rtc.o
       768        198          0         60          0      17251   device_systick.o
       404         52          0          5         64     232354   device_timer.o
      1604        134          0         12       3060       5950   device_usart.o
       220         20          0          0          0       3485   misc.o
       792         34          0          0          0       1553   proc.o
        36          8        236          0       1024        792   startup_stm32f10x_md.o
      1102         26          0          0          0      19881   stm32f10x_adc.o
       856         40          0          0          0       5589   stm32f10x_gpio.o
        22          0          0          0          0        995   stm32f10x_it.o
       932         44          0         20          0      17508   stm32f10x_rcc.o
      3610         88          0          0          0      42484   stm32f10x_tim.o
      1032         22          0          0          0      14424   stm32f10x_usart.o
       180         54         16        112          0       7000   system.o
       476         36          0         20          0     203479   system_stm32f10x.o
      1452         42          0         13        512       4967   uart.o

    ----------------------------------------------------------------------
     16544       1124        284        296       7348     850193   Object Totals
         0          0         32          0          0          0   (incl. Generated)
         6          0          0         11          0          0   (incl. Padding)

    ----------------------------------------------------------------------

      Code (inc. data)   RO Data    RW Data    ZI Data      Debug   Library Member Name

        92          0          0          0          0          0   __dczerorl2.o
         0          0          0          0          0          0   entry.o
         0          0          0          0          0          0   entry10a.o
         0          0          0          0          0          0   entry11a.o
         8          4          0          0          0          0   entry2.o
         4          0          0          0          0          0   entry5.o
         0          0          0          0          0          0   entry7b.o
         0          0          0          0          0          0   entry8b.o
         8          4          0          0          0          0   entry9a.o
        30          0          0          0          0          0   handlers.o
        36          8          0          0          0         68   init.o
        36          0          0          0          0         68   memcpya.o
        50          8          0          0          0        152   printfb.o
         0          0          0          4          0          0   stdout.o

    ----------------------------------------------------------------------
       264         24          0          4          0        288   Library Totals
         0          0          0          0          0          0   (incl. Padding)

    ----------------------------------------------------------------------

      Code (inc. data)   RO Data    RW Data    ZI Data      Debug   Library Name

       264         24          0          4          0        288   mc_w.l

    ----------------------------------------------------------------------
       264         24          0          4          0        288   Library Totals

    ----------------------------------------------------------------------

==============================================================================


      Code (inc. data)   RO Data    RW Data    ZI Data      Debug   

     16808       1148        284        300       7348     848453   Grand Totals
     16808       1148        284         56       7348     848453   ELF Image Totals (compressed)
     16808       1148        284         56          0          0   ROM Totals

==============================================================================

    Total RO  Size (Code + RO Data)                17092 (  16.69kB)
    Total RW  Size (RW Data + ZI Data)              7648 (   7.47kB)
    Total ROM Size (Code + RO Data + RW Data)      17148 (  16.75kB)

==============================================================================

